<html>
<body>
<pre>
<h1>µVision Build Log</h1>
<h2>Project:</h2>
C:\Users\Amal Vijay\Desktop\Embedded programing\class\Switches\on and off switch.uvproj
Project File Date:  03/07/2024

<h2>Output:</h2>
Build target 'Target 1'
compiling Switch.c...
linking...
Program Size: Code=520 RO-data=16 RW-data=0 ZI-data=1256  
FromELF: creating hex file...
".\on and off switch.axf" - 0 Error(s), 0 Warning(s).
</pre>
</body>
</html>
a=1256  
FromELF: creating hex file...
".\on and off switch.axf" - 0 Error(s), 1 Warning(s).
ng(s).
