<html>
<body>
<pre>
<h1>µVision Build Log</h1>
<h2>Project:</h2>
C:\Users\Amal Vijay\Desktop\Embedded programing\8LEDS\Q9\Pattern 3.uvproj
Project File Date:  03/05/2024

<h2>Output:</h2>
Build target 'Target 1'
linking...
Program Size: Code=700 RO-data=16 RW-data=0 ZI-data=1256  
FromELF: creating hex file...
".\Pattern 3.axf" - 0 Error(s), 0 Warning(s).
</pre>
</body>
</html>
ible library exists with a definition of startup symbol __main.
Not enough information to list image symbols.
Not enough information to list the image map.
Finished: 2 information, 1 warning and 1 error messages.
".\Pattern 3.axf" - 1 Error(s), 1 Warning(s).
Target not created
Error: Could not load file 'C:\Users\Amal Vijay\Desktop\Embedded programing\8LEDS\Q9\Pattern 3.axf'. Debugger aborted !
xf'. Debugger aborted !
Error: Could not load file 'C:\Users\Amal Vijay\Desktop\Embedded programing\8LEDS\Q9\Pattern 3.axf'. Debugger aborted !
