<html>
<body>
<pre>
<h1>µVision Build Log</h1>
<h2>Project:</h2>
C:\Users\Amal Vijay\Desktop\Embedded programing\keypad , seven segment led\keypad.uvproj
Project File Date:  03/23/2024

<h2>Output:</h2>
Build target 'Target 1'
compiling KEYPAD.c...
keypad_GPIO.h(133): warning:  #1-D: last line of file ends without a newline
  }
LCD.h(58): warning:  #1-D: last line of file ends without a newline
  }
KEYPAD.c: 2 warnings, 0 errors
linking...
Program Size: Code=2216 RO-data=16 RW-data=0 ZI-data=1256  
FromELF: creating hex file...
".\keypad.axf" - 0 Error(s), 2 Warning(s).
</pre>
</body>
</html>

".\keypad.axf" - 0 Error(s), 3 Warning(s).
