<html>
<body>
<pre>
<h1>µVision Build Log</h1>
<h2>Project:</h2>
C:\Users\Amal Vijay\Desktop\Embedded programing\8LEDS\Q13\2 switches and 2 leds.uvproj
Project File Date:  03/07/2024

<h2>Output:</h2>
Build target 'Target 1'
compiling Q13.c...
linking...
Program Size: Code=612 RO-data=16 RW-data=0 ZI-data=1256  
FromELF: creating hex file...
".\2 switches and 2 leds.axf" - 0 Error(s), 0 Warning(s).
</pre>
</body>
</html>
L6411E: No compatible library exists with a definition of startup symbol __main.
Not enough information to list image symbols.
Not enough information to list the image map.
Finished: 2 information, 1 warning and 1 error messages.
".\2 switches and 2 leds.axf" - 1 Error(s), 1 Warning(s).
Target not created
