<html>
<body>
<pre>
<h1>µVision Build Log</h1>
<h2>Project:</h2>
C:\Users\Amal Vijay\Desktop\Embedded programing\8LEDS\Q11\pattern 4.uvproj
Project File Date:  03/05/2024

<h2>Output:</h2>
Build target 'Target 1'
compiling Q11.c...
linking...
Program Size: Code=960 RO-data=16 RW-data=0 ZI-data=1256  
FromELF: creating hex file...
".\pattern 4.axf" - 0 Error(s), 0 Warning(s).
RO-data=16 RW-data=0 ZI-data=1256  
FromELF: creating hex file...
".\pattern 4.axf" - 0 Error(s), 1 Warning(s).
