<html>
<body>
<pre>
<h1>µVision Build Log</h1>
<h2>Project:</h2>
C:\Users\Amal Vijay\Desktop\Embedded programing\GPS\gps.uvproj
Project File Date:  04/05/2024

<h2>Output:</h2>
Build target 'Target 1'
linking...
Program Size: Code=2172 RO-data=32 RW-data=24 ZI-data=1320  
FromELF: creating hex file...
".\gps.axf" - 0 Error(s), 0 Warning(s).
</pre>
</body>
</html>
-data=24 ZI-data=1320  
".\gps.axf" - 0 Error(s), 1 Warning(s).
symbol __main.
Not enough information to list image symbols.
Not enough information to list the image map.
Finished: 2 information, 1 warning and 1 error messages.
".\gps.axf" - 1 Error(s), 1 Warning(s).
Target not created
