<html>
<body>
<pre>
<h1>µVision Build Log</h1>
<h2>Project:</h2>
C:\Users\Amal Vijay\Desktop\Embedded programing\class\Timer,Counter\Led keypad blinking.uvproj
Project File Date:  03/23/2024

<h2>Output:</h2>
Build target 'Target 1'
linking...
Program Size: Code=2484 RO-data=16 RW-data=0 ZI-data=1256  
".\Led keypad blinking.axf" - 0 Error(s), 0 Warning(s).
: last line of file ends without a newline
  }
Keypad LED.c: 2 warnings, 0 errors
linking...
Program Size: Code=2484 RO-data=16 RW-data=0 ZI-data=1256  
".\Led keypad blinking.axf" - 0 Error(s), 2 Warning(s).
ply Feed Sequence
TIMER.h(13): error:  #65: expected a ";"
  Apply Feed Sequence
TIMER.h(16): error:  #40: expected an identifier
  PLL0CON = 0x03;
TIMER.h(16): error:  #18: expected a ")"
  PLL0CON = 0x03;
TIMER.h(16): error:  #144: a value of type "int" cannot be used to initialize an entity of type "int *"
  PLL0CON = 0x03;
TIMER.h(18): error:  #40: expected an identifier
  PLL0FEED = 0xAA; PLL0FEED = 0x55; //
TIMER.h(18): error:  #18: expected a ")"
  PLL0FEED = 0xAA; PLL0FEED = 0x55; //
TIMER.h(18): error:  #144: a value of type "int" cannot be used to initialize an entity of type "int *"
  PLL0FEED = 0xAA; PLL0FEED = 0x55; //
TIMER.h(18): error:  #40: expected an identifier
  PLL0FEED = 0xAA; PLL0FEED = 0x55; //
TIMER.h(18): error:  #18: expected a ")"
  PLL0FEED = 0xAA; PLL0FEED = 0x55; //
TIMER.h(18): error:  #144: a value of type "int" cannot be used to initialize an entity of type "int *"
  PLL0FEED = 0xAA; PLL0FEED = 0x55; //
TIMER.h(19): error:  #20: identifier "Apply" is undefined
  Apply Feed Sequence
TIMER.h(19): error:  #65: expected a ";"
  Apply Feed Sequence
TIMER.h(21): error:  #40: expected an identifier
  (60 MHz)
TIMER.h(22): error:  #65: expected a ";"
  }
TIMER.h(47): warning:  #1-D: last line of file ends without a newline
  }
Keypad LED.c(17): warning: At end of source:  #12-D: parsing restarts here after previous syntax error
Keypad LED.c: 3 warnings, 17 errors
".\Led keypad blinking.axf" - 17 Error(s), 3 Warning(s).
Target not created
