<html>
<body>
<pre>
<h1>µVision Build Log</h1>
<h2>Project:</h2>
C:\Users\Amal Vijay\Desktop\Embedded programing\Seven Segment\Toggling up and down counter (One switch)\Toggling up and down counter One switch.uvproj
Project File Date:  03/20/2024

<h2>Output:</h2>
Build target 'Target 1'
compiling Toggling up and down counter One switch.c...
Toggling up and down counter One switch.c(74): warning:  #1-D: last line of file ends without a newline
                }
Toggling up and down counter One switch.c(11): warning:  #177-D: variable "n" was declared but never referenced
      int n = 0;
Toggling up and down counter One switch.c: 2 warnings, 0 errors
linking...
Program Size: Code=1184 RO-data=16 RW-data=0 ZI-data=1256  
FromELF: creating hex file...
".\Toggling up and down counter One switch.axf" - 0 Error(s), 2 Warning(s).
</pre>
</body>
</html>
 and down counter One switch.c: 2 warnings, 2 errors
".\Toggling up and down counter One switch.axf" - 2 Error(s), 2 Warning(s).
Target not created
