<html>
<body>
<pre>
<h1>µVision Build Log</h1>
<h2>Project:</h2>
C:\Users\Amal Vijay\Desktop\Embedded programing\LDR\LDR.uvproj
Project File Date:  04/05/2024

<h2>Output:</h2>
Build target 'Target 1'
linking...
Program Size: Code=1168 RO-data=32 RW-data=4 ZI-data=1260  
FromELF: creating hex file...
".\LDR.axf" - 0 Error(s), 0 Warning(s).
rs
linking...
Program Size: Code=1168 RO-data=32 RW-data=4 ZI-data=1260  
".\LDR.axf" - 0 Error(s), 1 Warning(s).

 information to list image symbols.
Not enough information to list the image map.
Finished: 2 information, 1 warning and 1 error messages.
".\LDR.axf" - 1 Error(s), 1 Warning(s).
Target not created
