<html>
<body>
<pre>
<h1>µVision Build Log</h1>
<h2>Project:</h2>
C:\Users\Amal Vijay\Desktop\Embedded programing\8LEDS\Q14\Toggling.uvproj
Project File Date:  03/11/2024

<h2>Output:</h2>
Build target 'Target 1'
compiling Toggling.c...
Toggling.c(18): warning:  #1-D: last line of file ends without a newline
  }
Toggling.c: 1 warning, 0 errors
linking...
Program Size: Code=548 RO-data=16 RW-data=0 ZI-data=1256  
FromELF: creating hex file...
".\Toggling.axf" - 0 Error(s), 1 Warning(s).
</pre>
</body>
</html>
