<html>
<body>
<pre>
<h1>µVision Build Log</h1>
<h2>Project:</h2>
C:\Users\Amal Vijay\Desktop\Embedded programing\Seven Segment\Two digit up counter using switch\Two digit up counter using switch.uvproj
Project File Date:  03/20/2024

<h2>Output:</h2>
Build target 'Target 1'
compiling Two digit up counter using switch.c...
Two digit up counter using switch.c(147): warning:  #1-D: last line of file ends without a newline
  }
Two digit up counter using switch.c: 1 warning, 0 errors
linking...
Program Size: Code=2004 RO-data=16 RW-data=0 ZI-data=1256  
FromELF: creating hex file...
".\Two digit up counter using switch.axf" - 0 Error(s), 1 Warning(s).
</pre>
</body>
</html>
file...
".\Two digit up counter using switch.axf" - 0 Error(s), 2 Warning(s).
(s), 2 Warning(s).
 counter using switch.c: 3 warnings, 0 errors
linking...
Program Size: Code=1212 RO-data=16 RW-data=0 ZI-data=1256  
".\Two digit up counter using switch.axf" - 0 Error(s), 3 Warning(s).
