<html>
<body>
<pre>
<h1>µVision Build Log</h1>
<h2>Project:</h2>
C:\Users\Amal Vijay\Desktop\Embedded programing\Seven Segment\UpCounter by a switch\up counter 1 switch.uvproj
Project File Date:  03/20/2024

<h2>Output:</h2>
Build target 'Target 1'
compiling 3Q.c...
3Q.c(71): warning:  #1-D: last line of file ends without a newline
                }
3Q.c(11): warning:  #177-D: variable "n" was declared but never referenced
      int n = 0;
linking...
Program Size: Code=1152 RO-data=16 RW-data=0 ZI-data=1256  
FromELF: creating hex file...
".\up counter 1 switch.axf" - 0 Error(s), 2 Warning(s).
</pre>
</body>
</html>
d: 2 information, 1 warning and 1 error messages.
".\up counter 1 switch.axf" - 1 Error(s), 1 Warning(s).
Target not created
