<html>
<body>
<pre>
<h1>µVision Build Log</h1>
<h2>Project:</h2>
C:\Users\Amal Vijay\Desktop\Embedded programing\IR sensor\IR sensor.uvproj
Project File Date:  04/05/2024

<h2>Output:</h2>
Build target 'Target 1'
compiling IR SENSOR.c...
IR SENSOR.c(8): warning:  #1295-D: Deprecated declaration lcd_int - give arg types
  void lcd_int();
IR SENSOR.c(13): warning:  #951-D: return type of function "main" must be "int"
  void main()
IR SENSOR.c(65): warning:  #1-D: last line of file ends without a newline
  }
IR SENSOR.c: 3 warnings, 0 errors
linking...
Program Size: Code=1112 RO-data=32 RW-data=4 ZI-data=1260  
FromELF: creating hex file...
".\IR sensor.axf" - 0 Error(s), 3 Warning(s).
