<html>
<body>
<pre>
<h1>µVision Build Log</h1>
<h2>Project:</h2>
C:\Users\Amal Vijay\Desktop\Embedded programing\Seven Segment\Normal up counter.uvproj
Project File Date:  03/20/2024

<h2>Output:</h2>
Build target 'Target 1'
compiling seven segment led up counter.c...
seven segment led up counter.c(69): warning:  #1-D: last line of file ends without a newline
                        }
seven segment led up counter.c(11): warning:  #177-D: variable "n" was declared but never referenced
      int n = 0;
seven segment led up counter.c: 2 warnings, 0 errors
linking...
Program Size: Code=1120 RO-data=16 RW-data=0 ZI-data=1256  
FromELF: creating hex file...
".\Normal up counter.axf" - 0 Error(s), 2 Warning(s).
</pre>
</body>
</html>
