<html>
<body>
<pre>
<h1>µVision Build Log</h1>
<h2>Project:</h2>
C:\Users\Amal Vijay\Desktop\Embedded programing\class\Port write\Port Write.uvproj
Project File Date:  03/06/2024

<h2>Output:</h2>
Build target 'Target 1'
compiling Port Write.c...
Port Write.c(29): warning:  #1-D: last line of file ends without a newline
  }
Port Write.c: 1 warning, 0 errors
linking...
Program Size: Code=640 RO-data=16 RW-data=0 ZI-data=1256  
FromELF: creating hex file...
".\Port Write.axf" - 0 Error(s), 1 Warning(s).
</pre>
</body>
</html>
ile 'C:\Users\Amal Vijay\Desktop\Embedded programing\class\Port write\Port Write.axf'. Debugger aborted !
Error: Could not load file 'C:\Users\Amal Vijay\Desktop\Embedded programing\class\Port write\Port Write.axf'. Debugger aborted !
