<html>
<body>
<pre>
<h1>µVision Build Log</h1>
<h2>Project:</h2>
C:\Users\Amal Vijay\Desktop\Embedded programing\DC Motor\DC MOTOR.uvproj
Project File Date:  04/05/2024

<h2>Output:</h2>
Build target 'Target 1'
linking...
Program Size: Code=1016 RO-data=32 RW-data=4 ZI-data=1260  
FromELF: creating hex file...
".\DC MOTOR.axf" - 0 Error(s), 0 Warning(s).
rogram Size: Code=1016 RO-data=32 RW-data=4 ZI-data=1260  
FromELF: creating hex file...
".\DC MOTOR.axf" - 0 Error(s), 1 Warning(s).
ot enough information to list the image map.
Finished: 2 information, 1 warning and 1 error messages.
".\DC MOTOR.axf" - 1 Error(s), 1 Warning(s).
Target not created
s).
Target not created
