<html>
<body>
<pre>
<h1>µVision Build Log</h1>
<h2>Project:</h2>
C:\Users\Amal Vijay\Desktop\Embedded programing\Project\Calculator\Calculator test.uvproj
Project File Date:  03/25/2024

<h2>Output:</h2>
Build target 'Target 1'
linking...
Program Size: Code=4196 RO-data=288 RW-data=0 ZI-data=1256  
".\Calculator test.axf" - 0 Error(s), 0 Warning(s).
</pre>
</body>
</html>
ntf" declared implicitly
                      sprintf(input, "=%d", result); // Convert result to string
Calculator.c(42): warning:  #167-D: argument of type "char *" is incompatible with parameter of type "unsigned char *"
                                                                                LCDprint(input);
Calculator.c(52): warning:  #223-D: function "atoi" declared implicitly
                      num1 = atoi(&mykey);
Calculator.c(54): warning:  #223-D: function "atoi" declared implicitly
                       num2 = atoi(&mykey);
Calculator.c(67): warning:  #111-D: statement is unreachable
      return 0;
Calculator.c: 6 warnings, 0 errors
linking...
Program Size: Code=4196 RO-data=288 RW-data=0 ZI-data=1256  
".\Calculator test.axf" - 0 Error(s), 6 Warning(s).
