<html>
<body>
<pre>
<h1>µVision Build Log</h1>
<h2>Project:</h2>
C:\Users\Amal Vijay\Desktop\Embedded programing\Project\Calculator\Calculator.uvproj
Project File Date:  03/24/2024

<h2>Output:</h2>
Build target 'Target 1'
linking...
Program Size: Code=3504 RO-data=16 RW-data=0 ZI-data=1256  
FromELF: creating hex file...
".\Calculator.axf" - 0 Error(s), 0 Warning(s).
</pre>
</body>
</html>

                      sprintf(input, "=%d", result); // Convert result to string
Calculator.c(42): warning:  #167-D: argument of type "char *" is incompatible with parameter of type "unsigned char *"
                                                                                LCDprint(input);
Calculator.c: 3 warnings, 0 errors
linking...
Program Size: Code=3504 RO-data=16 RW-data=0 ZI-data=1256  
FromELF: creating hex file...
".\Calculator.axf" - 0 Error(s), 3 Warning(s).
FromELF: creating hex file...
".\Calculator.axf" - 0 Error(s), 4 Warning(s).
ing(s).
Target not created
