<html>
<body>
<pre>
<h1>µVision Build Log</h1>
<h2>Project:</h2>
C:\Users\Amal Vijay\Desktop\Embedded programing\8LEDS\6\8led down counter.uvproj
Project File Date:  03/04/2024

<h2>Output:</h2>
Build target 'Target 1'
compiling Q6.c...
linking...
Program Size: Code=920 RO-data=16 RW-data=0 ZI-data=1256  
FromELF: creating hex file...
".\8led down counter.axf" - 0 Error(s), 0 Warning(s).
</pre>
</body>
</html>
11E: No compatible library exists with a definition of startup symbol __main.
Not enough information to list image symbols.
Not enough information to list the image map.
Finished: 2 information, 1 warning and 1 error messages.
".\8led down counter.axf" - 1 Error(s), 1 Warning(s).
Target not created
Error: Could not load file 'C:\Users\Amal Vijay\Desktop\Embedded programing\8LEDS\6\8led down counter.axf'. Debugger aborted !
