<html>
<body>
<pre>
<h1>µVision Build Log</h1>
<h2>Project:</h2>
C:\Users\Amal Vijay\Desktop\Embedded programing\PIR\PIR sensor.uvproj
Project File Date:  04/05/2024

<h2>Output:</h2>
Build target 'Target 1'
linking...
Program Size: Code=1116 RO-data=32 RW-data=4 ZI-data=1260  
FromELF: creating hex file...
".\PIR sensor.axf" - 0 Error(s), 0 Warning(s).
</pre>
</body>
</html>
 of function "main" must be "int"
  void main()
PIR sensor.c(66): warning:  #1-D: last line of file ends without a newline
  }
PIR sensor.c: 3 warnings, 0 errors
linking...
Program Size: Code=1116 RO-data=32 RW-data=4 ZI-data=1260  
".\PIR sensor.axf" - 0 Error(s), 3 Warning(s).

Target not created
