<html>
<body>
<pre>
<h1>µVision Build Log</h1>
<h2>Project:</h2>
C:\Users\Amal Vijay\Desktop\Embedded programing\Project\PWM\pwm.uvproj
Project File Date:  04/04/2024

<h2>Output:</h2>
Build target 'Target 1'
compiling PWM.c...
PWM.c(44): warning:  #1-D: last line of file ends without a newline
  }
PWM.c: 1 warning, 0 errors
linking...
Program Size: Code=736 RO-data=16 RW-data=0 ZI-data=1256  
FromELF: creating hex file...
".\pwm.axf" - 0 Error(s), 1 Warning(s).
</pre>
</body>
</html>
