<html>
<body>
<pre>
<h1>µVision Build Log</h1>
<h2>Project:</h2>
C:\Users\Amal Vijay\Desktop\Embedded programing\GSM\Gsm.uvproj
Project File Date:  04/04/2024

<h2>Output:</h2>
Build target 'Target 1'
linking...
Program Size: Code=5624 RO-data=304 RW-data=12 ZI-data=1492  
".\Gsm.axf" - 0 Error(s), 0 Warning(s).
</pre>
</body>
</html>
r(s), 0 Warning(s).

".\Gsm.axf" - 1 Error(s), 0 Warning(s).
Target not created
   for(int i=0;i<=12;i++)
GSM.c: 0 warnings, 2 errors
".\Gsm.axf" - 2 Error(s), 0 Warning(s).
Target not created
block
                int i=0;
GSM.c(357): error:  #29: expected an expression
                for(int i=0;i<=12;i++)
GSM.c: 0 warnings, 4 errors
".\Gsm.axf" - 4 Error(s), 0 Warning(s).
Target not created
      for(int i=0;i<=12;i++)
GSM.c: 0 warnings, 5 errors
".\Gsm.axf" - 5 Error(s), 0 Warning(s).
Target not created
     for(int i=0;i<=12;i++)
GSM.c: 0 warnings, 6 errors
".\Gsm.axf" - 6 Error(s), 0 Warning(s).
Target not created
or(int i=0;i<=12;i++)
GSM.c: 0 warnings, 7 errors
".\Gsm.axf" - 7 Error(s), 0 Warning(s).
Target not created
0;
GSM.c: 0 warnings, 8 errors
".\Gsm.axf" - 8 Error(s), 0 Warning(s).
Target not created
g, 8 errors
".\Gsm.axf" - 8 Error(s), 1 Warning(s).
Target not created
