ARM Linker, 5.03 [Build 76] [MDK-ARM Lite]

==============================================================================

Section Cross References

    startup.o(STACK) refers (Special) to heapauxi.o(.text) for __use_two_region_memory
    startup.o(HEAP) refers (Special) to heapauxi.o(.text) for __use_two_region_memory
    startup.o(RESET) refers (Special) to heapauxi.o(.text) for __use_two_region_memory
    startup.o(RESET) refers to startup.o(STACK) for Stack_Top
    startup.o(RESET) refers to __main.o(!!!main) for __main
    startup.o(.text) refers (Special) to heapauxi.o(.text) for __use_two_region_memory
    startup.o(.text) refers to startup.o(HEAP) for Heap_Mem
    startup.o(.text) refers to startup.o(STACK) for Stack_Mem
    gsm.o(.text) refers to _printf_percent.o(.ARM.Collect$$_printf_percent$$00000000) for _printf_percent
    gsm.o(.text) refers to _printf_d.o(.ARM.Collect$$_printf_percent$$00000009) for _printf_d
    gsm.o(.text) refers to _printf_dec.o(.text) for _printf_int_dec
    gsm.o(.text) refers to _printf_s.o(.ARM.Collect$$_printf_percent$$00000014) for _printf_s
    gsm.o(.text) refers to _printf_str.o(.text) for _printf_str
    gsm.o(.text) refers to strlen.o(.text) for strlen
    gsm.o(.text) refers to rt_memclr.o(.text) for __aeabi_memclr
    gsm.o(.text) refers to rt_memmove.o(.text) for __aeabi_memmove
    gsm.o(.text) refers to strncmp.o(.text) for strncmp
    gsm.o(.text) refers to noretval__2sprintf.o(.text) for __2sprintf
    gsm.o(.text) refers to strstr.o(.text) for strstr
    gsm.o(.text) refers to gsm.o(.bss) for buff
    gsm.o(.text) refers to gsm.o(.data) for buffer_pointer
    gsm.o(.text) refers to atoi.o(.text) for atoi
    gsm.o(.text) refers to rt_memclr_w.o(.text) for __aeabi_memclr4
    __2sprintf.o(.text) refers to _printf_char_common.o(.text) for _printf_char_common
    __2sprintf.o(.text) refers to _sputc.o(.text) for _sputc
    noretval__2sprintf.o(.text) refers to _printf_char_common.o(.text) for _printf_char_common
    noretval__2sprintf.o(.text) refers to _sputc.o(.text) for _sputc
    __printf.o(.text) refers to __printf.o(i.__ARM_common_call_via_r1) for __ARM_common_call_via_r1
    __printf.o(.text) refers to _printf_percent.o(.ARM.Collect$$_printf_percent$$00000000) for _printf_percent
    __printf.o(.text) refers to __printf.o(i.__ARM_common_call_via_r2) for __ARM_common_call_via_r2
    _printf_str.o(.text) refers (Special) to _printf_char.o(.text) for _printf_cs_common
    _printf_str.o(.text) refers to __printf.o(i.__ARM_common_call_via_r2) for __ARM_common_call_via_r2
    _printf_dec.o(.text) refers to rtudiv10.o(.text) for __rt_udiv10
    _printf_dec.o(.text) refers to _printf_intcommon.o(.text) for _printf_int_common
    __printf_flags.o(.text) refers to __printf.o(i.__ARM_common_call_via_r1) for __ARM_common_call_via_r1
    __printf_flags.o(.text) refers to _printf_percent.o(.ARM.Collect$$_printf_percent$$00000000) for _printf_percent
    __printf_flags.o(.text) refers to __printf.o(i.__ARM_common_call_via_r2) for __ARM_common_call_via_r2
    __printf_flags.o(.text) refers to __printf_flags.o(.constdata) for .constdata
    __printf_ss.o(.text) refers to __printf.o(i.__ARM_common_call_via_r1) for __ARM_common_call_via_r1
    __printf_ss.o(.text) refers to _printf_percent.o(.ARM.Collect$$_printf_percent$$00000000) for _printf_percent
    __printf_ss.o(.text) refers to __printf.o(i.__ARM_common_call_via_r2) for __ARM_common_call_via_r2
    __printf_flags_ss.o(.text) refers to __printf.o(i.__ARM_common_call_via_r1) for __ARM_common_call_via_r1
    __printf_flags_ss.o(.text) refers to _printf_percent.o(.ARM.Collect$$_printf_percent$$00000000) for _printf_percent
    __printf_flags_ss.o(.text) refers to __printf.o(i.__ARM_common_call_via_r2) for __ARM_common_call_via_r2
    __printf_flags_ss.o(.text) refers to __printf_flags_ss.o(.constdata) for .constdata
    __printf_wp.o(.text) refers to __printf.o(i.__ARM_common_call_via_r1) for __ARM_common_call_via_r1
    __printf_wp.o(.text) refers to __printf_wp.o(i._is_digit) for _is_digit
    __printf_wp.o(.text) refers to _printf_percent.o(.ARM.Collect$$_printf_percent$$00000000) for _printf_percent
    __printf_wp.o(.text) refers to __printf.o(i.__ARM_common_call_via_r2) for __ARM_common_call_via_r2
    __printf_flags_wp.o(.text) refers to __printf.o(i.__ARM_common_call_via_r1) for __ARM_common_call_via_r1
    __printf_flags_wp.o(.text) refers to __printf_wp.o(i._is_digit) for _is_digit
    __printf_flags_wp.o(.text) refers to _printf_percent.o(.ARM.Collect$$_printf_percent$$00000000) for _printf_percent
    __printf_flags_wp.o(.text) refers to __printf.o(i.__ARM_common_call_via_r2) for __ARM_common_call_via_r2
    __printf_flags_wp.o(.text) refers to __printf_flags_wp.o(.constdata) for .constdata
    __printf_ss_wp.o(.text) refers to __printf.o(i.__ARM_common_call_via_r1) for __ARM_common_call_via_r1
    __printf_ss_wp.o(.text) refers to __printf_wp.o(i._is_digit) for _is_digit
    __printf_ss_wp.o(.text) refers to _printf_percent.o(.ARM.Collect$$_printf_percent$$00000000) for _printf_percent
    __printf_ss_wp.o(.text) refers to __printf.o(i.__ARM_common_call_via_r2) for __ARM_common_call_via_r2
    __printf_flags_ss_wp.o(.text) refers to __printf.o(i.__ARM_common_call_via_r1) for __ARM_common_call_via_r1
    __printf_flags_ss_wp.o(.text) refers to __printf_wp.o(i._is_digit) for _is_digit
    __printf_flags_ss_wp.o(.text) refers to _printf_percent.o(.ARM.Collect$$_printf_percent$$00000000) for _printf_percent
    __printf_flags_ss_wp.o(.text) refers to __printf.o(i.__ARM_common_call_via_r2) for __ARM_common_call_via_r2
    __printf_flags_ss_wp.o(.text) refers to __printf_flags_ss_wp.o(.constdata) for .constdata
    _printf_s.o(.ARM.Collect$$_printf_percent$$00000014) refers (Weak) to _printf_char.o(.text) for _printf_string
    _printf_d.o(.ARM.Collect$$_printf_percent$$00000009) refers (Weak) to _printf_dec.o(.text) for _printf_int_dec
    _printf_percent.o(.ARM.Collect$$_printf_percent$$00000000) refers (Special) to _printf_percent_end.o(.ARM.Collect$$_printf_percent$$00000017) for _printf_percent_end
    atoi.o(.text) refers to rt_errno_addr_intlibspace.o(.text) for __aeabi_errno_addr
    atoi.o(.text) refers to strtol.o(.text) for strtol
    rt_memmove.o(.text) refers to rt_memcpy.o(.text) for __aeabi_memcpy
    rt_memmove.o(.text) refers to rt_memmove_w.o(.text) for __memmove_aligned
    rt_memclr.o(.text) refers to rt_memclr_w.o(.text) for _memset_w
    __main.o(!!!main) refers to rtentry.o(.ARM.Collect$$rtentry$$00000000) for __rt_entry
    rtentry.o(.ARM.Collect$$rtentry$$00000000) refers (Special) to rtentry2.o(.ARM.Collect$$rtentry$$0000000A) for __rt_entry_li
    rtentry.o(.ARM.Collect$$rtentry$$00000000) refers (Special) to rtentry2.o(.ARM.Collect$$rtentry$$0000000D) for __rt_entry_main
    rtentry.o(.ARM.Collect$$rtentry$$00000000) refers (Special) to rtentry2.o(.ARM.Collect$$rtentry$$0000000C) for __rt_entry_postli_1
    rtentry.o(.ARM.Collect$$rtentry$$00000000) refers (Special) to rtentry2.o(.ARM.Collect$$rtentry$$00000009) for __rt_entry_postsh_1
    rtentry.o(.ARM.Collect$$rtentry$$00000000) refers (Special) to rtentry2.o(.ARM.Collect$$rtentry$$00000002) for __rt_entry_presh_1
    rtentry.o(.ARM.Collect$$rtentry$$00000000) refers (Special) to rtentry4.o(.ARM.Collect$$rtentry$$00000004) for __rt_entry_sh
    rt_errno_addr.o(.text) refers to rt_errno_addr.o(.bss) for __aeabi_errno_addr_data
    rt_errno_addr_intlibspace.o(.text) refers to libspace.o(.bss) for __libspace_start
    _printf_intcommon.o(.text) refers to __printf.o(i.__ARM_common_call_via_r2) for __ARM_common_call_via_r2
    _printf_char_common.o(.text) refers to __printf.o(.text) for __printf
    _printf_char.o(.text) refers (Weak) to _printf_str.o(.text) for _printf_str
    strtol.o(.text) refers to rt_ctype_table.o(.text) for __rt_ctype_table
    strtol.o(.text) refers to _strtoul.o(.text) for _strtoul
    strtol.o(.text) refers to rt_errno_addr_intlibspace.o(.text) for __aeabi_errno_addr
    rt_memcpy.o(.text) refers to rt_memcpy_w.o(.text) for __aeabi_memcpy4
    rt_memmove_w.o(.text) refers to rt_memcpy_w.o(.text) for __aeabi_memcpy4
    libspace.o(.text) refers to libspace.o(.bss) for __libspace_start
    rtentry2.o(.ARM.Collect$$rtentry$$00000008) refers to boardinit2.o(.text) for _platform_post_stackheap_init
    rtentry2.o(.ARM.Collect$$rtentry$$0000000A) refers to libinit.o(.ARM.Collect$$libinit$$00000000) for __rt_lib_init
    rtentry2.o(.ARM.Collect$$rtentry$$0000000B) refers to boardinit3.o(.text) for _platform_post_lib_init
    rtentry2.o(.ARM.Collect$$rtentry$$0000000D) refers to exit.o(.text) for exit
    rtentry2.o(.ARM.Collect$$rtentry$$0000000D) refers to gsm.o(.text) for main
    rtentry2.o(.ARM.exidx) refers to rtentry2.o(.ARM.Collect$$rtentry$$00000001) for .ARM.Collect$$rtentry$$00000001
    rtentry2.o(.ARM.exidx) refers to rtentry2.o(.ARM.Collect$$rtentry$$00000008) for .ARM.Collect$$rtentry$$00000008
    rtentry2.o(.ARM.exidx) refers to rtentry2.o(.ARM.Collect$$rtentry$$0000000A) for .ARM.Collect$$rtentry$$0000000A
    rtentry2.o(.ARM.exidx) refers to rtentry2.o(.ARM.Collect$$rtentry$$0000000B) for .ARM.Collect$$rtentry$$0000000B
    rtentry2.o(.ARM.exidx) refers to rtentry2.o(.ARM.Collect$$rtentry$$0000000D) for .ARM.Collect$$rtentry$$0000000D
    rtentry4.o(.ARM.Collect$$rtentry$$00000004) refers to sys_stackheap_outer.o(.text) for __user_setup_stackheap
    rtentry4.o(.ARM.exidx) refers to rtentry4.o(.ARM.Collect$$rtentry$$00000004) for .ARM.Collect$$rtentry$$00000004
    rt_ctype_table.o(.text) refers to rt_locale_intlibspace.o(.text) for __rt_locale
    rt_ctype_table.o(.text) refers to lc_ctype_c.o(locale$$code) for _get_lc_ctype
    __printf_nopercent.o(.text) refers to __printf_nopercent.o(i.__ARM_common_call_via_r7) for __ARM_common_call_via_r7
    __printf_nopercent.o(.text) refers to __printf_nopercent.o(i.__ARM_common_call_via_r5) for __ARM_common_call_via_r5
    _strtoul.o(.text) refers to _chval.o(.text) for _chval
    _strtoul.o(.text) refers to rt_errno_addr_intlibspace.o(.text) for __aeabi_errno_addr
    sys_stackheap_outer.o(.text) refers to libspace.o(.text) for __user_perproc_libspace
    sys_stackheap_outer.o(.text) refers to startup.o(.text) for __user_initial_stackheap
    rt_locale.o(.text) refers to rt_locale.o(.bss) for __rt_locale_data
    rt_locale_intlibspace.o(.text) refers to libspace.o(.bss) for __libspace_start
    lc_ctype_c.o(locale$$data) refers (Special) to libinit2.o(.ARM.Collect$$libinit$$00000010) for __rt_lib_init_lc_ctype_2
    lc_ctype_c.o(locale$$code) refers (Special) to libinit2.o(.ARM.Collect$$libinit$$00000010) for __rt_lib_init_lc_ctype_2
    lc_ctype_c.o(locale$$code) refers to strcmp.o(.text) for strcmp
    lc_ctype_c.o(locale$$code) refers to lc_ctype_c.o(locale$$data) for __lcctype_c_name
    exit.o(.text) refers to rtexit.o(.ARM.Collect$$rtexit$$00000000) for __rt_exit
    libinit.o(.ARM.Collect$$libinit$$00000000) refers (Special) to libinit2.o(.ARM.Collect$$libinit$$0000002C) for __rt_lib_init_alloca_1
    libinit.o(.ARM.Collect$$libinit$$00000000) refers (Special) to libinit2.o(.ARM.Collect$$libinit$$0000002A) for __rt_lib_init_argv_1
    libinit.o(.ARM.Collect$$libinit$$00000000) refers (Special) to libinit2.o(.ARM.Collect$$libinit$$00000019) for __rt_lib_init_atexit_1
    libinit.o(.ARM.Collect$$libinit$$00000000) refers (Special) to libinit2.o(.ARM.Collect$$libinit$$0000001F) for __rt_lib_init_clock_1
    libinit.o(.ARM.Collect$$libinit$$00000000) refers (Special) to libinit2.o(.ARM.Collect$$libinit$$00000030) for __rt_lib_init_cpp_1
    libinit.o(.ARM.Collect$$libinit$$00000000) refers (Special) to libinit2.o(.ARM.Collect$$libinit$$0000002E) for __rt_lib_init_exceptions_1
    libinit.o(.ARM.Collect$$libinit$$00000000) refers (Special) to libinit2.o(.ARM.Collect$$libinit$$00000002) for __rt_lib_init_fp_1
    libinit.o(.ARM.Collect$$libinit$$00000000) refers (Special) to libinit2.o(.ARM.Collect$$libinit$$0000001D) for __rt_lib_init_fp_trap_1
    libinit.o(.ARM.Collect$$libinit$$00000000) refers (Special) to libinit2.o(.ARM.Collect$$libinit$$00000021) for __rt_lib_init_getenv_1
    libinit.o(.ARM.Collect$$libinit$$00000000) refers (Special) to libinit2.o(.ARM.Collect$$libinit$$00000008) for __rt_lib_init_heap_1
    libinit.o(.ARM.Collect$$libinit$$00000000) refers (Special) to libinit2.o(.ARM.Collect$$libinit$$0000000F) for __rt_lib_init_lc_collate_1
    libinit.o(.ARM.Collect$$libinit$$00000000) refers (Special) to libinit2.o(.ARM.Collect$$libinit$$00000011) for __rt_lib_init_lc_ctype_1
    libinit.o(.ARM.Collect$$libinit$$00000000) refers (Special) to libinit2.o(.ARM.Collect$$libinit$$00000013) for __rt_lib_init_lc_monetary_1
    libinit.o(.ARM.Collect$$libinit$$00000000) refers (Special) to libinit2.o(.ARM.Collect$$libinit$$00000015) for __rt_lib_init_lc_numeric_1
    libinit.o(.ARM.Collect$$libinit$$00000000) refers (Special) to libinit2.o(.ARM.Collect$$libinit$$00000017) for __rt_lib_init_lc_time_1
    libinit.o(.ARM.Collect$$libinit$$00000000) refers (Special) to libinit2.o(.ARM.Collect$$libinit$$0000000C) for __rt_lib_init_rand_1
    libinit.o(.ARM.Collect$$libinit$$00000000) refers (Special) to libinit2.o(.ARM.Collect$$libinit$$00000031) for __rt_lib_init_return
    libinit.o(.ARM.Collect$$libinit$$00000000) refers (Special) to libinit2.o(.ARM.Collect$$libinit$$0000001B) for __rt_lib_init_signal_1
    libinit.o(.ARM.Collect$$libinit$$00000000) refers (Special) to libinit2.o(.ARM.Collect$$libinit$$00000023) for __rt_lib_init_stdio_1
    libinit.o(.ARM.Collect$$libinit$$00000000) refers (Special) to libinit2.o(.ARM.Collect$$libinit$$0000000A) for __rt_lib_init_user_alloc_1
    rtexit.o(.ARM.Collect$$rtexit$$00000000) refers (Special) to rtexit2.o(.ARM.Collect$$rtexit$$00000004) for __rt_exit_exit
    rtexit.o(.ARM.Collect$$rtexit$$00000000) refers (Special) to rtexit2.o(.ARM.Collect$$rtexit$$00000003) for __rt_exit_ls
    rtexit.o(.ARM.Collect$$rtexit$$00000000) refers (Special) to rtexit2.o(.ARM.Collect$$rtexit$$00000002) for __rt_exit_prels_1
    rtexit.o(.ARM.exidx) refers (Special) to rtexit2.o(.ARM.Collect$$rtexit$$00000004) for __rt_exit_exit
    rtexit.o(.ARM.exidx) refers (Special) to rtexit2.o(.ARM.Collect$$rtexit$$00000003) for __rt_exit_ls
    rtexit.o(.ARM.exidx) refers (Special) to rtexit2.o(.ARM.Collect$$rtexit$$00000002) for __rt_exit_prels_1
    rtexit.o(.ARM.exidx) refers to rtexit.o(.ARM.Collect$$rtexit$$00000000) for .ARM.Collect$$rtexit$$00000000
    libinit2.o(.ARM.Collect$$libinit$$00000001) refers to fpinit.o(x$fpl$fpinit) for _fp_init
    libinit2.o(.ARM.Collect$$libinit$$0000000D) refers (Weak) to rt_locale_intlibspace.o(.text) for __rt_locale
    libinit2.o(.ARM.Collect$$libinit$$0000000E) refers to libinit2.o(.ARM.Collect$$libinit$$0000000D) for .ARM.Collect$$libinit$$0000000D
    libinit2.o(.ARM.Collect$$libinit$$00000010) refers to libinit2.o(.ARM.Collect$$libinit$$0000000D) for .ARM.Collect$$libinit$$0000000D
    libinit2.o(.ARM.Collect$$libinit$$00000010) refers (Weak) to lc_ctype_c.o(locale$$code) for _get_lc_ctype
    libinit2.o(.ARM.Collect$$libinit$$00000012) refers to libinit2.o(.ARM.Collect$$libinit$$0000000D) for .ARM.Collect$$libinit$$0000000D
    libinit2.o(.ARM.Collect$$libinit$$00000014) refers to libinit2.o(.ARM.Collect$$libinit$$0000000D) for .ARM.Collect$$libinit$$0000000D
    libinit2.o(.ARM.Collect$$libinit$$00000016) refers to libinit2.o(.ARM.Collect$$libinit$$0000000D) for .ARM.Collect$$libinit$$0000000D
    libinit2.o(.ARM.Collect$$libinit$$00000024) refers to argv_veneer.o(.emb_text) for __ARM_argv_veneer
    libinit2.o(.ARM.Collect$$libinit$$00000025) refers to argv_veneer.o(.emb_text) for __ARM_argv_veneer
    rtexit2.o(.ARM.Collect$$rtexit$$00000003) refers to libshutdown.o(.ARM.Collect$$libshutdown$$00000000) for __rt_lib_shutdown
    rtexit2.o(.ARM.Collect$$rtexit$$00000004) refers to sys_exit.o(.text) for _sys_exit
    rtexit2.o(.ARM.exidx) refers to rtexit2.o(.ARM.Collect$$rtexit$$00000001) for .ARM.Collect$$rtexit$$00000001
    rtexit2.o(.ARM.exidx) refers to rtexit2.o(.ARM.Collect$$rtexit$$00000003) for .ARM.Collect$$rtexit$$00000003
    rtexit2.o(.ARM.exidx) refers to rtexit2.o(.ARM.Collect$$rtexit$$00000004) for .ARM.Collect$$rtexit$$00000004
    argv_veneer.o(.emb_text) refers to no_argv.o(.text) for __ARM_get_argv
    sys_exit.o(.text) refers (Special) to use_no_semi.o(.text) for __I$use$semihosting
    sys_exit.o(.text) refers (Special) to indicate_semi.o(.text) for __semihosting_library_function
    _get_argv_nomalloc.o(.text) refers (Special) to hrguard.o(.text) for __heap_region$guard
    _get_argv_nomalloc.o(.text) refers to defsig_rtmem_outer.o(.text) for __rt_SIGRTMEM
    _get_argv_nomalloc.o(.text) refers to sys_command.o(.text) for _sys_command_string
    libshutdown.o(.ARM.Collect$$libshutdown$$00000000) refers (Special) to libshutdown2.o(.ARM.Collect$$libshutdown$$00000006) for __rt_lib_shutdown_fp_trap_1
    libshutdown.o(.ARM.Collect$$libshutdown$$00000000) refers (Special) to libshutdown2.o(.ARM.Collect$$libshutdown$$0000000E) for __rt_lib_shutdown_heap_1
    libshutdown.o(.ARM.Collect$$libshutdown$$00000000) refers (Special) to libshutdown2.o(.ARM.Collect$$libshutdown$$0000000F) for __rt_lib_shutdown_return
    libshutdown.o(.ARM.Collect$$libshutdown$$00000000) refers (Special) to libshutdown2.o(.ARM.Collect$$libshutdown$$00000009) for __rt_lib_shutdown_signal_1
    libshutdown.o(.ARM.Collect$$libshutdown$$00000000) refers (Special) to libshutdown2.o(.ARM.Collect$$libshutdown$$00000003) for __rt_lib_shutdown_stdio_1
    libshutdown.o(.ARM.Collect$$libshutdown$$00000000) refers (Special) to libshutdown2.o(.ARM.Collect$$libshutdown$$0000000B) for __rt_lib_shutdown_user_alloc_1
    sys_command.o(.text) refers (Special) to use_no_semi.o(.text) for __I$use$semihosting
    sys_command.o(.text) refers (Special) to indicate_semi.o(.text) for __semihosting_library_function
    defsig_rtmem_outer.o(.text) refers to defsig_rtmem_inner.o(.text) for __rt_SIGRTMEM_inner
    defsig_rtmem_outer.o(.text) refers to defsig_exit.o(.text) for __sig_exit
    defsig_rtmem_formal.o(.text) refers to rt_raise.o(.text) for __rt_raise
    rt_raise.o(.text) refers to __raise.o(.text) for __raise
    rt_raise.o(.text) refers to sys_exit.o(.text) for _sys_exit
    defsig_exit.o(.text) refers to sys_exit.o(.text) for _sys_exit
    defsig_rtmem_inner.o(.text) refers to defsig_general.o(.text) for __default_signal_display
    __raise.o(.text) refers to __printf.o(i.__ARM_common_call_via_r2) for __ARM_common_call_via_r2
    __raise.o(.text) refers to defsig.o(CL$$defsig) for __default_signal_handler
    defsig_general.o(.text) refers to sys_wrch.o(.text) for _ttywrch
    sys_wrch.o(.text) refers (Special) to use_no_semi.o(.text) for __I$use$semihosting
    sys_wrch.o(.text) refers (Special) to indicate_semi.o(.text) for __semihosting_library_function
    defsig.o(CL$$defsig) refers to defsig_rtmem_inner.o(.text) for __rt_SIGRTMEM_inner
    defsig_abrt_inner.o(.text) refers to defsig_general.o(.text) for __default_signal_display
    defsig_fpe_inner.o(.text) refers to defsig_general.o(.text) for __default_signal_display
    defsig_rtred_inner.o(.text) refers to defsig_general.o(.text) for __default_signal_display
    defsig_stak_inner.o(.text) refers to defsig_general.o(.text) for __default_signal_display
    defsig_pvfn_inner.o(.text) refers to defsig_general.o(.text) for __default_signal_display
    defsig_cppl_inner.o(.text) refers to defsig_general.o(.text) for __default_signal_display
    defsig_segv_inner.o(.text) refers to defsig_general.o(.text) for __default_signal_display
    defsig_other.o(.text) refers to defsig_general.o(.text) for __default_signal_display


==============================================================================

Removing Unused input sections from the image.

    Removing startup.o(RESET), (272 bytes).

1 unused section(s) (total 272 bytes) removed from the image.

==============================================================================

Adding Veneers to the image

    Adding TA veneer (4 bytes, Inline) for call to '_printf_percent' from __printf.o(.text).
    Adding AT veneer (8 bytes, Inline) for call to '__rt_lib_init' from rtentry2.o(.ARM.Collect$$rtentry$$0000000A).
    Adding AT veneer (8 bytes, Inline) for call to '__rt_lib_shutdown' from rtexit2.o(.ARM.Collect$$rtexit$$00000003).
    Adding TA veneer (4 bytes, Inline) for call to '__rt_exit' from exit.o(.text).
    Adding AT veneer (8 bytes, Inline) for call to '__2sprintf' from gsm.o(.text).
    Adding AT veneer (8 bytes, Inline) for call to '_printf_int_dec' from _printf_d.o(.ARM.Collect$$_printf_percent$$00000009).
    Adding AT veneer (8 bytes, Inline) for call to 'atoi' from gsm.o(.text).
    Adding AT veneer (8 bytes, Inline) for call to 'strstr' from gsm.o(.text).
    Adding AT veneer (8 bytes, Inline) for call to 'strlen' from gsm.o(.text).
    Adding AT veneer (8 bytes, Inline) for call to 'strncmp' from gsm.o(.text).
    Adding TA veneer (4 bytes, Inline) for call to '__aeabi_errno_addr' from atoi.o(.text).
    Adding AT veneer (8 bytes, Inline) for call to '_printf_string' from _printf_s.o(.ARM.Collect$$_printf_percent$$00000014).
    Adding TA veneer (4 bytes, Inline) for call to '__rt_udiv10' from _printf_dec.o(.text).
    Adding TA veneer (4 bytes, Inline) for call to '__rt_ctype_table' from strtol.o(.text).
    Adding TA veneer (4 bytes, Inline) for call to '__rt_locale' from libinit2.o(.ARM.Collect$$libinit$$0000000D).
    Adding AT veneer (8 bytes, Inline) for call to '_sys_exit' from rtexit2.o(.ARM.Collect$$rtexit$$00000004).
    Adding TA veneer (4 bytes, Inline) for call to '_get_lc_ctype' from libinit2.o(.ARM.Collect$$libinit$$00000010).

17 Veneer(s) (total 108 bytes) added to the image.

==============================================================================

Image Symbol Table

    Local Symbols

    Symbol Name                              Value     Ov Type        Size  Object(Section)

    !!!main                                  0x00000000   Section        8  __main.o(!!!main)
    ../clib/angel/boardlib.s                 0x00000000   Number         0  boardinit1.o ABSOLUTE
    ../clib/angel/boardlib.s                 0x00000000   Number         0  boardinit2.o ABSOLUTE
    ../clib/angel/boardlib.s                 0x00000000   Number         0  boardshut.o ABSOLUTE
    ../clib/angel/boardlib.s                 0x00000000   Number         0  boardinit3.o ABSOLUTE
    ../clib/angel/handlers.s                 0x00000000   Number         0  __scatter_zi.o ABSOLUTE
    ../clib/angel/handlers.s                 0x00000000   Number         0  __scatter_copy.o ABSOLUTE
    ../clib/angel/kernel.s                   0x00000000   Number         0  rtentry2.o ABSOLUTE
    ../clib/angel/kernel.s                   0x00000000   Number         0  rtexit.o ABSOLUTE
    ../clib/angel/kernel.s                   0x00000000   Number         0  rtentry.o ABSOLUTE
    ../clib/angel/kernel.s                   0x00000000   Number         0  rtexit2.o ABSOLUTE
    ../clib/angel/kernel.s                   0x00000000   Number         0  rtentry4.o ABSOLUTE
    ../clib/angel/rt.s                       0x00000000   Number         0  rt_ctype_table.o ABSOLUTE
    ../clib/angel/rt.s                       0x00000000   Number         0  rt_errno_addr.o ABSOLUTE
    ../clib/angel/rt.s                       0x00000000   Number         0  rt_errno_addr_intlibspace.o ABSOLUTE
    ../clib/angel/rt.s                       0x00000000   Number         0  rt_locale.o ABSOLUTE
    ../clib/angel/rt.s                       0x00000000   Number         0  rt_raise.o ABSOLUTE
    ../clib/angel/rt.s                       0x00000000   Number         0  rt_locale_intlibspace.o ABSOLUTE
    ../clib/angel/scatter.s                  0x00000000   Number         0  __scatter.o ABSOLUTE
    ../clib/angel/startup.s                  0x00000000   Number         0  __main.o ABSOLUTE
    ../clib/angel/sys.s                      0x00000000   Number         0  use_no_semi.o ABSOLUTE
    ../clib/angel/sys.s                      0x00000000   Number         0  libspace.o ABSOLUTE
    ../clib/angel/sys.s                      0x00000000   Number         0  sys_stackheap_outer.o ABSOLUTE
    ../clib/angel/sys.s                      0x00000000   Number         0  indicate_semi.o ABSOLUTE
    ../clib/angel/sysapp.c                   0x00000000   Number         0  sys_exit.o ABSOLUTE
    ../clib/angel/sysapp.c                   0x00000000   Number         0  sys_wrch.o ABSOLUTE
    ../clib/angel/sysapp.c                   0x00000000   Number         0  sys_command.o ABSOLUTE
    ../clib/armsys.c                         0x00000000   Number         0  _get_argv_nomalloc.o ABSOLUTE
    ../clib/armsys.c                         0x00000000   Number         0  argv_veneer.o ABSOLUTE
    ../clib/armsys.c                         0x00000000   Number         0  no_argv.o ABSOLUTE
    ../clib/armsys.c                         0x00000000   Number         0  argv_veneer.o ABSOLUTE
    ../clib/division.s                       0x00000000   Number         0  rtudiv10.o ABSOLUTE
    ../clib/heapalloc.c                      0x00000000   Number         0  hrguard.o ABSOLUTE
    ../clib/heapaux.c                        0x00000000   Number         0  heapauxi.o ABSOLUTE
    ../clib/libinit.s                        0x00000000   Number         0  libinit2.o ABSOLUTE
    ../clib/libinit.s                        0x00000000   Number         0  libshutdown2.o ABSOLUTE
    ../clib/libinit.s                        0x00000000   Number         0  libinit.o ABSOLUTE
    ../clib/libinit.s                        0x00000000   Number         0  libshutdown.o ABSOLUTE
    ../clib/locale.s                         0x00000000   Number         0  lc_ctype_c.o ABSOLUTE
    ../clib/memcpset.s                       0x00000000   Number         0  rt_memcpy_w.o ABSOLUTE
    ../clib/memcpset.s                       0x00000000   Number         0  rt_memmove_w.o ABSOLUTE
    ../clib/memcpset.s                       0x00000000   Number         0  rt_memclr_w.o ABSOLUTE
    ../clib/memcpset.s                       0x00000000   Number         0  rt_memclr.o ABSOLUTE
    ../clib/memcpset.s                       0x00000000   Number         0  rt_memcpy.o ABSOLUTE
    ../clib/memcpset.s                       0x00000000   Number         0  strcmp.o ABSOLUTE
    ../clib/memcpset.s                       0x00000000   Number         0  rt_memmove.o ABSOLUTE
    ../clib/printf.c                         0x00000000   Number         0  __printf_nopercent.o ABSOLUTE
    ../clib/printf.c                         0x00000000   Number         0  _printf_str.o ABSOLUTE
    ../clib/printf.c                         0x00000000   Number         0  __printf_ss.o ABSOLUTE
    ../clib/printf.c                         0x00000000   Number         0  _printf_dec.o ABSOLUTE
    ../clib/printf.c                         0x00000000   Number         0  _printf_intcommon.o ABSOLUTE
    ../clib/printf.c                         0x00000000   Number         0  __printf_flags.o ABSOLUTE
    ../clib/printf.c                         0x00000000   Number         0  __printf_flags_ss.o ABSOLUTE
    ../clib/printf.c                         0x00000000   Number         0  __printf_wp.o ABSOLUTE
    ../clib/printf.c                         0x00000000   Number         0  __printf_flags_wp.o ABSOLUTE
    ../clib/printf.c                         0x00000000   Number         0  __printf_ss_wp.o ABSOLUTE
    ../clib/printf.c                         0x00000000   Number         0  __printf_flags_ss_wp.o ABSOLUTE
    ../clib/printf.c                         0x00000000   Number         0  __2sprintf.o ABSOLUTE
    ../clib/printf.c                         0x00000000   Number         0  noretval__2sprintf.o ABSOLUTE
    ../clib/printf.c                         0x00000000   Number         0  _printf_char_common.o ABSOLUTE
    ../clib/printf.c                         0x00000000   Number         0  __printf.o ABSOLUTE
    ../clib/printf.c                         0x00000000   Number         0  _sputc.o ABSOLUTE
    ../clib/printf.c                         0x00000000   Number         0  _printf_char.o ABSOLUTE
    ../clib/printf_percent.s                 0x00000000   Number         0  _printf_percent_end.o ABSOLUTE
    ../clib/printf_percent.s                 0x00000000   Number         0  _printf_s.o ABSOLUTE
    ../clib/printf_percent.s                 0x00000000   Number         0  _printf_d.o ABSOLUTE
    ../clib/printf_percent.s                 0x00000000   Number         0  _printf_percent.o ABSOLUTE
    ../clib/scanf.c                          0x00000000   Number         0  _strtoul.o ABSOLUTE
    ../clib/scanf.c                          0x00000000   Number         0  atoi.o ABSOLUTE
    ../clib/scanf.c                          0x00000000   Number         0  strtol.o ABSOLUTE
    ../clib/scanf.c                          0x00000000   Number         0  _chval.o ABSOLUTE
    ../clib/signal.c                         0x00000000   Number         0  __raise.o ABSOLUTE
    ../clib/signal.c                         0x00000000   Number         0  defsig_rtmem_inner.o ABSOLUTE
    ../clib/signal.c                         0x00000000   Number         0  defsig_exit.o ABSOLUTE
    ../clib/signal.c                         0x00000000   Number         0  defsig_rtred_inner.o ABSOLUTE
    ../clib/signal.c                         0x00000000   Number         0  defsig_abrt_inner.o ABSOLUTE
    ../clib/signal.c                         0x00000000   Number         0  defsig_fpe_inner.o ABSOLUTE
    ../clib/signal.c                         0x00000000   Number         0  defsig_rtmem_formal.o ABSOLUTE
    ../clib/signal.c                         0x00000000   Number         0  defsig_rtmem_outer.o ABSOLUTE
    ../clib/signal.c                         0x00000000   Number         0  defsig_general.o ABSOLUTE
    ../clib/signal.c                         0x00000000   Number         0  defsig_other.o ABSOLUTE
    ../clib/signal.c                         0x00000000   Number         0  defsig_segv_inner.o ABSOLUTE
    ../clib/signal.c                         0x00000000   Number         0  defsig_cppl_inner.o ABSOLUTE
    ../clib/signal.c                         0x00000000   Number         0  defsig_pvfn_inner.o ABSOLUTE
    ../clib/signal.c                         0x00000000   Number         0  defsig_stak_inner.o ABSOLUTE
    ../clib/signal.s                         0x00000000   Number         0  defsig.o ABSOLUTE
    ../clib/stdlib.c                         0x00000000   Number         0  exit.o ABSOLUTE
    ../clib/string.c                         0x00000000   Number         0  strncmp.o ABSOLUTE
    ../clib/string.c                         0x00000000   Number         0  strstr.o ABSOLUTE
    ../clib/string.c                         0x00000000   Number         0  strlen.o ABSOLUTE
    ../fplib/fpinit.s                        0x00000000   Number         0  fpinit.o ABSOLUTE
    GSM.c                                    0x00000000   Number         0  gsm.o ABSOLUTE
    Startup.s                                0x00000000   Number         0  startup.o ABSOLUTE
    dc.s                                     0x00000000   Number         0  dc.o ABSOLUTE
    !!!scatter                               0x00000008   Section       60  __scatter.o(!!!scatter)
    !!handler_copy                           0x00000044   Section       40  __scatter_copy.o(!!handler_copy)
    !!handler_zi                             0x0000006c   Section       44  __scatter_zi.o(!!handler_zi)
    .ARM.Collect$$_printf_percent$$00000000  0x0000009c   Section        0  _printf_percent.o(.ARM.Collect$$_printf_percent$$00000000)
    .ARM.Collect$$_printf_percent$$00000009  0x0000009c   Section        8  _printf_d.o(.ARM.Collect$$_printf_percent$$00000009)
    .ARM.Collect$$_printf_percent$$00000014  0x000000a4   Section        8  _printf_s.o(.ARM.Collect$$_printf_percent$$00000014)
    .ARM.Collect$$_printf_percent$$00000017  0x000000ac   Section        8  _printf_percent_end.o(.ARM.Collect$$_printf_percent$$00000017)
    .ARM.Collect$$libinit$$00000000          0x000000bc   Section        2  libinit.o(.ARM.Collect$$libinit$$00000000)
    .ARM.Collect$$libinit$$00000002          0x000000be   Section        0  libinit2.o(.ARM.Collect$$libinit$$00000002)
    .ARM.Collect$$libinit$$00000008          0x000000be   Section        0  libinit2.o(.ARM.Collect$$libinit$$00000008)
    .ARM.Collect$$libinit$$0000000A          0x000000be   Section        0  libinit2.o(.ARM.Collect$$libinit$$0000000A)
    .ARM.Collect$$libinit$$0000000C          0x000000be   Section        0  libinit2.o(.ARM.Collect$$libinit$$0000000C)
    .ARM.Collect$$libinit$$0000000D          0x000000be   Section        6  libinit2.o(.ARM.Collect$$libinit$$0000000D)
    .ARM.Collect$$libinit$$0000000F          0x000000c4   Section        0  libinit2.o(.ARM.Collect$$libinit$$0000000F)
    .ARM.Collect$$libinit$$00000010          0x000000c4   Section       12  libinit2.o(.ARM.Collect$$libinit$$00000010)
    .ARM.Collect$$libinit$$00000011          0x000000d0   Section        0  libinit2.o(.ARM.Collect$$libinit$$00000011)
    .ARM.Collect$$libinit$$00000013          0x000000d0   Section        0  libinit2.o(.ARM.Collect$$libinit$$00000013)
    .ARM.Collect$$libinit$$00000015          0x000000d0   Section        0  libinit2.o(.ARM.Collect$$libinit$$00000015)
    .ARM.Collect$$libinit$$00000017          0x000000d0   Section        0  libinit2.o(.ARM.Collect$$libinit$$00000017)
    .ARM.Collect$$libinit$$00000019          0x000000d0   Section        0  libinit2.o(.ARM.Collect$$libinit$$00000019)
    .ARM.Collect$$libinit$$0000001B          0x000000d0   Section        0  libinit2.o(.ARM.Collect$$libinit$$0000001B)
    .ARM.Collect$$libinit$$0000001D          0x000000d0   Section        0  libinit2.o(.ARM.Collect$$libinit$$0000001D)
    .ARM.Collect$$libinit$$0000001F          0x000000d0   Section        0  libinit2.o(.ARM.Collect$$libinit$$0000001F)
    .ARM.Collect$$libinit$$00000021          0x000000d0   Section        0  libinit2.o(.ARM.Collect$$libinit$$00000021)
    .ARM.Collect$$libinit$$00000023          0x000000d0   Section        0  libinit2.o(.ARM.Collect$$libinit$$00000023)
    .ARM.Collect$$libinit$$0000002A          0x000000d0   Section        0  libinit2.o(.ARM.Collect$$libinit$$0000002A)
    .ARM.Collect$$libinit$$0000002C          0x000000d0   Section        0  libinit2.o(.ARM.Collect$$libinit$$0000002C)
    .ARM.Collect$$libinit$$0000002E          0x000000d0   Section        0  libinit2.o(.ARM.Collect$$libinit$$0000002E)
    .ARM.Collect$$libinit$$00000030          0x000000d0   Section        0  libinit2.o(.ARM.Collect$$libinit$$00000030)
    .ARM.Collect$$libinit$$00000031          0x000000d0   Section       12  libinit2.o(.ARM.Collect$$libinit$$00000031)
    .ARM.Collect$$libshutdown$$00000000      0x000000e4   Section        4  libshutdown.o(.ARM.Collect$$libshutdown$$00000000)
    .ARM.Collect$$libshutdown$$00000003      0x000000e8   Section        0  libshutdown2.o(.ARM.Collect$$libshutdown$$00000003)
    .ARM.Collect$$libshutdown$$00000006      0x000000e8   Section        0  libshutdown2.o(.ARM.Collect$$libshutdown$$00000006)
    .ARM.Collect$$libshutdown$$00000009      0x000000e8   Section        0  libshutdown2.o(.ARM.Collect$$libshutdown$$00000009)
    .ARM.Collect$$libshutdown$$0000000B      0x000000e8   Section        0  libshutdown2.o(.ARM.Collect$$libshutdown$$0000000B)
    .ARM.Collect$$libshutdown$$0000000E      0x000000e8   Section        0  libshutdown2.o(.ARM.Collect$$libshutdown$$0000000E)
    .ARM.Collect$$libshutdown$$0000000F      0x000000e8   Section        6  libshutdown2.o(.ARM.Collect$$libshutdown$$0000000F)
    .ARM.Collect$$rtentry$$00000000          0x000000f0   Section        0  rtentry.o(.ARM.Collect$$rtentry$$00000000)
    .ARM.Collect$$rtentry$$00000002          0x000000f0   Section        0  rtentry2.o(.ARM.Collect$$rtentry$$00000002)
    .ARM.Collect$$rtentry$$00000004          0x000000f0   Section        8  rtentry4.o(.ARM.Collect$$rtentry$$00000004)
    .ARM.Collect$$rtentry$$00000009          0x000000f8   Section        0  rtentry2.o(.ARM.Collect$$rtentry$$00000009)
    .ARM.Collect$$rtentry$$0000000A          0x000000f8   Section        4  rtentry2.o(.ARM.Collect$$rtentry$$0000000A)
    .ARM.Collect$$rtentry$$0000000C          0x000000fc   Section        0  rtentry2.o(.ARM.Collect$$rtentry$$0000000C)
    .ARM.Collect$$rtentry$$0000000D          0x000000fc   Section       40  rtentry2.o(.ARM.Collect$$rtentry$$0000000D)
    .ARM.Collect$$rtexit$$00000000           0x00000128   Section        4  rtexit.o(.ARM.Collect$$rtexit$$00000000)
    .ARM.Collect$$rtexit$$00000002           0x0000012c   Section        0  rtexit2.o(.ARM.Collect$$rtexit$$00000002)
    .ARM.Collect$$rtexit$$00000003           0x0000012c   Section        4  rtexit2.o(.ARM.Collect$$rtexit$$00000003)
    .ARM.Collect$$rtexit$$00000004           0x00000130   Section        8  rtexit2.o(.ARM.Collect$$rtexit$$00000004)
    .text                                    0x00000138   Section       32  startup.o(.text)
    .text                                    0x00000158   Section        0  gsm.o(.text)
    .text                                    0x00000bb0   Section        0  noretval__2sprintf.o(.text)
    .text                                    0x00000bd8   Section        0  __printf.o(.text)
    .text                                    0x00000c4e   Section        0  _printf_str.o(.text)
    .text                                    0x00000cb0   Section        0  _printf_dec.o(.text)
    .text                                    0x00000d28   Section        0  atoi.o(.text)
    .text                                    0x00000d50   Section        0  strstr.o(.text)
    .text                                    0x00000d84   Section        0  strlen.o(.text)
    .text                                    0x00000dd0   Section        0  strncmp.o(.text)
    .text                                    0x00000e68   Section      212  rt_memmove.o(.text)
    .text                                    0x00000f3c   Section       64  rt_memclr.o(.text)
    .text                                    0x00000f7c   Section       84  rt_memclr_w.o(.text)
    .text                                    0x00000fd0   Section        0  heapauxi.o(.text)
    .text                                    0x00000fdc   Section       12  rt_errno_addr_intlibspace.o(.text)
    .text                                    0x00000fe8   Section        0  _printf_intcommon.o(.text)
    .text                                    0x000010a4   Section        0  _printf_char_common.o(.text)
    _printf_input_char                       0x000010a5   Thumb Code    10  _printf_char_common.o(.text)
    .text                                    0x000010d4   Section        0  _sputc.o(.text)
    .text                                    0x000010e8   Section        0  _printf_char.o(.text)
    .text                                    0x0000111c   Section        0  strtol.o(.text)
    .text                                    0x00001190   Section      212  rt_memcpy.o(.text)
    .text                                    0x00001264   Section      128  rt_memmove_w.o(.text)
    .text                                    0x000012e8   Section       44  rtudiv10.o(.text)
    .text                                    0x00001314   Section       12  libspace.o(.text)
    .text                                    0x00001324   Section       24  rt_ctype_table.o(.text)
    .text                                    0x0000133c   Section        0  _strtoul.o(.text)
    .text                                    0x000013e8   Section      100  rt_memcpy_w.o(.text)
    .text                                    0x0000144c   Section       96  sys_stackheap_outer.o(.text)
    .text                                    0x000014b0   Section       12  rt_locale_intlibspace.o(.text)
    .text                                    0x000014bc   Section        0  _chval.o(.text)
    .text                                    0x000014da   Section        0  exit.o(.text)
    .text                                    0x000014e8   Section      160  strcmp.o(.text)
    .text                                    0x00001590   Section        0  sys_exit.o(.text)
    .text                                    0x0000159c   Section        4  use_no_semi.o(.text)
    .text                                    0x000015a0   Section        0  indicate_semi.o(.text)
    i.__ARM_common_call_via_r1               0x000015a0   Section        0  __printf.o(i.__ARM_common_call_via_r1)
    i.__ARM_common_call_via_r2               0x000015a2   Section        0  __printf.o(i.__ARM_common_call_via_r2)
    locale$$code                             0x000015a8   Section       80  lc_ctype_c.o(locale$$code)
    locale$$data                             0x00001618   Section      272  lc_ctype_c.o(locale$$data)
    __lcctype_c_name                         0x0000161c   Data           2  lc_ctype_c.o(locale$$data)
    __lcctype_c_start                        0x00001624   Data           0  lc_ctype_c.o(locale$$data)
    __lcctype_c_end                          0x00001728   Data           0  lc_ctype_c.o(locale$$data)
    .data                                    0x40000000   Section       12  gsm.o(.data)
    .bss                                     0x4000000c   Section      234  gsm.o(.bss)
    .bss                                     0x400000f8   Section       96  libspace.o(.bss)
    HEAP                                     0x40000158   Section        0  startup.o(HEAP)
    STACK                                    0x40000158   Section     1160  startup.o(STACK)
    Heap_Mem                                 0x40000158   Data           0  startup.o(HEAP)
    Stack_Mem                                0x40000158   Data        1024  startup.o(STACK)
    Stack_Top                                0x400005e0   Data           0  startup.o(STACK)

    Global Symbols

    Symbol Name                              Value     Ov Type        Size  Object(Section)

    BuildAttributes$$THM_ISAv1$ARM_ISAv4$S$PE$A:L22$X:L11$S22$IEEE1$IW$USESV6$~STKCKD$USESV7$~SHL$OSPACE$ROPI$EBA8$UX$STANDARDLIB$REQ8$PRES8$EABIv2 0x00000000   Number         0  anon$$obj.o ABSOLUTE
    __ARM_use_no_argv                        0x00000000   Number         0  gsm.o ABSOLUTE
    __main                                   0x00000000   ARM Code       8  __main.o(!!!main)
    __ARM_exceptions_init                     - Undefined Weak Reference
    __alloca_initialize                       - Undefined Weak Reference
    __cpp_initialize__aeabi_                  - Undefined Weak Reference
    __cxa_finalize                            - Undefined Weak Reference
    __sigvec_lookup                           - Undefined Weak Reference
    _atexit_init                              - Undefined Weak Reference
    _call_atexit_fns                          - Undefined Weak Reference
    _clock_init                               - Undefined Weak Reference
    _fp_trap_init                             - Undefined Weak Reference
    _fp_trap_shutdown                         - Undefined Weak Reference
    _get_lc_collate                           - Undefined Weak Reference
    _get_lc_monetary                          - Undefined Weak Reference
    _get_lc_numeric                           - Undefined Weak Reference
    _get_lc_time                              - Undefined Weak Reference
    _getenv_init                              - Undefined Weak Reference
    _handle_redirection                       - Undefined Weak Reference
    _init_alloc                               - Undefined Weak Reference
    _init_user_alloc                          - Undefined Weak Reference
    _initio                                   - Undefined Weak Reference
    _printf_mbtowc                            - Undefined Weak Reference
    _printf_post_padding                      - Undefined Weak Reference
    _printf_pre_padding                       - Undefined Weak Reference
    _printf_truncate_signed                   - Undefined Weak Reference
    _printf_truncate_unsigned                 - Undefined Weak Reference
    _rand_init                                - Undefined Weak Reference
    _signal_finish                            - Undefined Weak Reference
    _signal_init                              - Undefined Weak Reference
    _terminate_alloc                          - Undefined Weak Reference
    _terminate_user_alloc                     - Undefined Weak Reference
    _terminateio                              - Undefined Weak Reference
    __scatterload                            0x00000008   ARM Code       0  __scatter.o(!!!scatter)
    __scatterload_rt2                        0x00000008   ARM Code      52  __scatter.o(!!!scatter)
    __scatterload_null                       0x0000001c   ARM Code       0  __scatter.o(!!!scatter)
    __scatterload_copy                       0x00000044   ARM Code      40  __scatter_copy.o(!!handler_copy)
    __scatterload_zeroinit                   0x0000006c   ARM Code      44  __scatter_zi.o(!!handler_zi)
    Inline Thumb to ARM Veneer to _printf_percent 0x00000099   Thumb Code     4  _printf_percent.o(.ARM.Collect$$_printf_percent$$00000000)
    _printf_d                                0x0000009c   ARM Code       0  _printf_d.o(.ARM.Collect$$_printf_percent$$00000009)
    _printf_percent                          0x0000009c   ARM Code       0  _printf_percent.o(.ARM.Collect$$_printf_percent$$00000000)
    _printf_s                                0x000000a4   ARM Code       0  _printf_s.o(.ARM.Collect$$_printf_percent$$00000014)
    _printf_percent_end                      0x000000ac   ARM Code       0  _printf_percent_end.o(.ARM.Collect$$_printf_percent$$00000017)
    Inline ARM to Thumb Veneer to __rt_lib_init 0x000000b4   ARM Code       8  libinit.o(.ARM.Collect$$libinit$$00000000)
    __rt_lib_init                            0x000000bd   Thumb Code     0  libinit.o(.ARM.Collect$$libinit$$00000000)
    __rt_lib_init_fp_1                       0x000000bf   Thumb Code     0  libinit2.o(.ARM.Collect$$libinit$$00000002)
    __rt_lib_init_heap_1                     0x000000bf   Thumb Code     0  libinit2.o(.ARM.Collect$$libinit$$00000008)
    __rt_lib_init_lc_common                  0x000000bf   Thumb Code     0  libinit2.o(.ARM.Collect$$libinit$$0000000D)
    __rt_lib_init_rand_1                     0x000000bf   Thumb Code     0  libinit2.o(.ARM.Collect$$libinit$$0000000C)
    __rt_lib_init_user_alloc_1               0x000000bf   Thumb Code     0  libinit2.o(.ARM.Collect$$libinit$$0000000A)
    __rt_lib_init_lc_collate_1               0x000000c5   Thumb Code     0  libinit2.o(.ARM.Collect$$libinit$$0000000F)
    __rt_lib_init_lc_ctype_2                 0x000000c5   Thumb Code     0  libinit2.o(.ARM.Collect$$libinit$$00000010)
    __rt_lib_init_alloca_1                   0x000000d1   Thumb Code     0  libinit2.o(.ARM.Collect$$libinit$$0000002C)
    __rt_lib_init_argv_1                     0x000000d1   Thumb Code     0  libinit2.o(.ARM.Collect$$libinit$$0000002A)
    __rt_lib_init_atexit_1                   0x000000d1   Thumb Code     0  libinit2.o(.ARM.Collect$$libinit$$00000019)
    __rt_lib_init_clock_1                    0x000000d1   Thumb Code     0  libinit2.o(.ARM.Collect$$libinit$$0000001F)
    __rt_lib_init_cpp_1                      0x000000d1   Thumb Code     0  libinit2.o(.ARM.Collect$$libinit$$00000030)
    __rt_lib_init_exceptions_1               0x000000d1   Thumb Code     0  libinit2.o(.ARM.Collect$$libinit$$0000002E)
    __rt_lib_init_fp_trap_1                  0x000000d1   Thumb Code     0  libinit2.o(.ARM.Collect$$libinit$$0000001D)
    __rt_lib_init_getenv_1                   0x000000d1   Thumb Code     0  libinit2.o(.ARM.Collect$$libinit$$00000021)
    __rt_lib_init_lc_ctype_1                 0x000000d1   Thumb Code     0  libinit2.o(.ARM.Collect$$libinit$$00000011)
    __rt_lib_init_lc_monetary_1              0x000000d1   Thumb Code     0  libinit2.o(.ARM.Collect$$libinit$$00000013)
    __rt_lib_init_lc_numeric_1               0x000000d1   Thumb Code     0  libinit2.o(.ARM.Collect$$libinit$$00000015)
    __rt_lib_init_lc_time_1                  0x000000d1   Thumb Code     0  libinit2.o(.ARM.Collect$$libinit$$00000017)
    __rt_lib_init_return                     0x000000d1   Thumb Code     0  libinit2.o(.ARM.Collect$$libinit$$00000031)
    __rt_lib_init_signal_1                   0x000000d1   Thumb Code     0  libinit2.o(.ARM.Collect$$libinit$$0000001B)
    __rt_lib_init_stdio_1                    0x000000d1   Thumb Code     0  libinit2.o(.ARM.Collect$$libinit$$00000023)
    Inline ARM to Thumb Veneer to __rt_lib_shutdown 0x000000dc   ARM Code       8  libshutdown.o(.ARM.Collect$$libshutdown$$00000000)
    __rt_lib_shutdown                        0x000000e5   Thumb Code     0  libshutdown.o(.ARM.Collect$$libshutdown$$00000000)
    __rt_lib_shutdown_fp_trap_1              0x000000e9   Thumb Code     0  libshutdown2.o(.ARM.Collect$$libshutdown$$00000006)
    __rt_lib_shutdown_heap_1                 0x000000e9   Thumb Code     0  libshutdown2.o(.ARM.Collect$$libshutdown$$0000000E)
    __rt_lib_shutdown_return                 0x000000e9   Thumb Code     0  libshutdown2.o(.ARM.Collect$$libshutdown$$0000000F)
    __rt_lib_shutdown_signal_1               0x000000e9   Thumb Code     0  libshutdown2.o(.ARM.Collect$$libshutdown$$00000009)
    __rt_lib_shutdown_stdio_1                0x000000e9   Thumb Code     0  libshutdown2.o(.ARM.Collect$$libshutdown$$00000003)
    __rt_lib_shutdown_user_alloc_1           0x000000e9   Thumb Code     0  libshutdown2.o(.ARM.Collect$$libshutdown$$0000000B)
    __rt_entry                               0x000000f0   ARM Code       0  rtentry.o(.ARM.Collect$$rtentry$$00000000)
    __rt_entry_presh_1                       0x000000f0   ARM Code       0  rtentry2.o(.ARM.Collect$$rtentry$$00000002)
    __rt_entry_sh                            0x000000f0   ARM Code       0  rtentry4.o(.ARM.Collect$$rtentry$$00000004)
    __rt_entry_li                            0x000000f8   ARM Code       0  rtentry2.o(.ARM.Collect$$rtentry$$0000000A)
    __rt_entry_postsh_1                      0x000000f8   ARM Code       0  rtentry2.o(.ARM.Collect$$rtentry$$00000009)
    __rt_entry_main                          0x000000fc   ARM Code       0  rtentry2.o(.ARM.Collect$$rtentry$$0000000D)
    __rt_entry_postli_1                      0x000000fc   ARM Code       0  rtentry2.o(.ARM.Collect$$rtentry$$0000000C)
    Inline Thumb to ARM Veneer to __rt_exit  0x00000125   Thumb Code     4  rtexit.o(.ARM.Collect$$rtexit$$00000000)
    __rt_exit                                0x00000128   ARM Code       0  rtexit.o(.ARM.Collect$$rtexit$$00000000)
    __rt_exit_ls                             0x0000012c   ARM Code       0  rtexit2.o(.ARM.Collect$$rtexit$$00000003)
    __rt_exit_prels_1                        0x0000012c   ARM Code       0  rtexit2.o(.ARM.Collect$$rtexit$$00000002)
    __rt_exit_exit                           0x00000130   ARM Code       0  rtexit2.o(.ARM.Collect$$rtexit$$00000004)
    __user_initial_stackheap                 0x00000138   ARM Code       0  startup.o(.text)
    delay_ms                                 0x00000158   ARM Code      64  gsm.o(.text)
    UART0_init                               0x00000198   ARM Code      68  gsm.o(.text)
    UART0_TxChar                             0x000001dc   ARM Code      56  gsm.o(.text)
    UART0_SendString                         0x00000214   ARM Code      76  gsm.o(.text)
    UART0_Interrupt                          0x00000260   ARM Code      76  gsm.o(.text)
    GSM_Response_Display                     0x000002ac   ARM Code     216  gsm.o(.text)
    GSM_Response                             0x00000384   ARM Code     204  gsm.o(.text)
    GSM_Msg_Delete                           0x00000450   ARM Code      60  gsm.o(.text)
    GSM_HangCall                             0x0000048c   ARM Code      20  gsm.o(.text)
    GSM_Calling                              0x000004a0   ARM Code      48  gsm.o(.text)
    GSM_Msg_Display                          0x000004d0   ARM Code     588  gsm.o(.text)
    GSM_Msg_Read                             0x0000071c   ARM Code      44  gsm.o(.text)
    GSM_Wait_for_Msg                         0x00000748   ARM Code     348  gsm.o(.text)
    GSM_Begin                                0x000008a4   ARM Code     160  gsm.o(.text)
    main                                     0x00000944   ARM Code     264  gsm.o(.text)
    GSM_Delete_All_Msg                       0x00000a4c   ARM Code      20  gsm.o(.text)
    GSM_Send_Msg                             0x00000a60   ARM Code     252  gsm.o(.text)
    Inline ARM to Thumb Veneer to __2sprintf 0x00000ba8   ARM Code       8  noretval__2sprintf.o(.text)
    __2sprintf                               0x00000bb1   Thumb Code    36  noretval__2sprintf.o(.text)
    __printf                                 0x00000bd9   Thumb Code   118  __printf.o(.text)
    _printf_str                              0x00000c4f   Thumb Code    88  _printf_str.o(.text)
    Inline ARM to Thumb Veneer to _printf_int_dec 0x00000ca8   ARM Code       8  _printf_dec.o(.text)
    _printf_int_dec                          0x00000cb1   Thumb Code    94  _printf_dec.o(.text)
    Inline ARM to Thumb Veneer to atoi       0x00000d20   ARM Code       8  atoi.o(.text)
    atoi                                     0x00000d29   Thumb Code    30  atoi.o(.text)
    Inline ARM to Thumb Veneer to strstr     0x00000d48   ARM Code       8  strstr.o(.text)
    strstr                                   0x00000d51   Thumb Code    42  strstr.o(.text)
    Inline ARM to Thumb Veneer to strlen     0x00000d7c   ARM Code       8  strlen.o(.text)
    strlen                                   0x00000d85   Thumb Code    64  strlen.o(.text)
    Inline ARM to Thumb Veneer to strncmp    0x00000dc8   ARM Code       8  strncmp.o(.text)
    strncmp                                  0x00000dd1   Thumb Code   146  strncmp.o(.text)
    __aeabi_memmove                          0x00000e68   ARM Code       0  rt_memmove.o(.text)
    __rt_memmove                             0x00000e68   ARM Code     212  rt_memmove.o(.text)
    __memmove_lastfew                        0x00000f1c   ARM Code       0  rt_memmove.o(.text)
    __aeabi_memclr                           0x00000f3c   ARM Code       0  rt_memclr.o(.text)
    __rt_memclr                              0x00000f3c   ARM Code      64  rt_memclr.o(.text)
    _memset                                  0x00000f40   ARM Code       0  rt_memclr.o(.text)
    __aeabi_memclr4                          0x00000f7c   ARM Code       0  rt_memclr_w.o(.text)
    __aeabi_memclr8                          0x00000f7c   ARM Code       0  rt_memclr_w.o(.text)
    __rt_memclr_w                            0x00000f7c   ARM Code      84  rt_memclr_w.o(.text)
    _memset_w                                0x00000f80   ARM Code       0  rt_memclr_w.o(.text)
    __use_two_region_memory                  0x00000fd1   Thumb Code     2  heapauxi.o(.text)
    __rt_heap_escrow$2region                 0x00000fd3   Thumb Code     2  heapauxi.o(.text)
    __rt_heap_expand$2region                 0x00000fd5   Thumb Code     2  heapauxi.o(.text)
    Inline Thumb to ARM Veneer to __aeabi_errno_addr 0x00000fd9   Thumb Code     4  rt_errno_addr_intlibspace.o(.text)
    __aeabi_errno_addr                       0x00000fdc   ARM Code      12  rt_errno_addr_intlibspace.o(.text)
    __errno$intlibspace                      0x00000fdc   ARM Code       0  rt_errno_addr_intlibspace.o(.text)
    __rt_errno_addr$intlibspace              0x00000fdc   ARM Code       0  rt_errno_addr_intlibspace.o(.text)
    _printf_int_common                       0x00000fe9   Thumb Code   186  _printf_intcommon.o(.text)
    _printf_char_common                      0x000010af   Thumb Code    34  _printf_char_common.o(.text)
    _sputc                                   0x000010d5   Thumb Code    10  _sputc.o(.text)
    Inline ARM to Thumb Veneer to _printf_string 0x000010e0   ARM Code       8  _printf_char.o(.text)
    _printf_cs_common                        0x000010e9   Thumb Code    26  _printf_char.o(.text)
    _printf_char                             0x00001103   Thumb Code    16  _printf_char.o(.text)
    _printf_string                           0x00001113   Thumb Code     8  _printf_char.o(.text)
    strtol                                   0x0000111d   Thumb Code   112  strtol.o(.text)
    __aeabi_memcpy                           0x00001190   ARM Code       0  rt_memcpy.o(.text)
    __rt_memcpy                              0x00001190   ARM Code     212  rt_memcpy.o(.text)
    _memcpy_lastbytes                        0x00001244   ARM Code       0  rt_memcpy.o(.text)
    __aeabi_memmove4                         0x00001264   ARM Code       0  rt_memmove_w.o(.text)
    __aeabi_memmove8                         0x00001264   ARM Code       0  rt_memmove_w.o(.text)
    __rt_memmove_w                           0x00001264   ARM Code     128  rt_memmove_w.o(.text)
    __memmove_aligned                        0x00001290   ARM Code       0  rt_memmove_w.o(.text)
    __memmove_lastfew_aligned                0x000012cc   ARM Code       0  rt_memmove_w.o(.text)
    Inline Thumb to ARM Veneer to __rt_udiv10 0x000012e5   Thumb Code     4  rtudiv10.o(.text)
    __rt_udiv10                              0x000012e8   ARM Code      44  rtudiv10.o(.text)
    __user_libspace                          0x00001314   ARM Code      12  libspace.o(.text)
    __user_perproc_libspace                  0x00001314   ARM Code       0  libspace.o(.text)
    __user_perthread_libspace                0x00001314   ARM Code       0  libspace.o(.text)
    Inline Thumb to ARM Veneer to __rt_ctype_table 0x00001321   Thumb Code     4  rt_ctype_table.o(.text)
    __rt_ctype_table                         0x00001324   ARM Code      24  rt_ctype_table.o(.text)
    _strtoul                                 0x0000133d   Thumb Code   172  _strtoul.o(.text)
    __aeabi_memcpy4                          0x000013e8   ARM Code       0  rt_memcpy_w.o(.text)
    __aeabi_memcpy8                          0x000013e8   ARM Code       0  rt_memcpy_w.o(.text)
    __rt_memcpy_w                            0x000013e8   ARM Code     100  rt_memcpy_w.o(.text)
    _memcpy_lastbytes_aligned                0x00001434   ARM Code       0  rt_memcpy_w.o(.text)
    __user_setup_stackheap                   0x0000144c   ARM Code      96  sys_stackheap_outer.o(.text)
    Inline Thumb to ARM Veneer to __rt_locale 0x000014ad   Thumb Code     4  rt_locale_intlibspace.o(.text)
    __rt_locale                              0x000014b0   ARM Code      12  rt_locale_intlibspace.o(.text)
    _chval                                   0x000014bd   Thumb Code    30  _chval.o(.text)
    exit                                     0x000014db   Thumb Code    12  exit.o(.text)
    strcmp                                   0x000014e8   ARM Code     156  strcmp.o(.text)
    Inline ARM to Thumb Veneer to _sys_exit  0x00001588   ARM Code       8  sys_exit.o(.text)
    _sys_exit                                0x00001591   Thumb Code     8  sys_exit.o(.text)
    __I$use$semihosting                      0x0000159c   ARM Code       0  use_no_semi.o(.text)
    __use_no_semihosting_swi                 0x0000159c   ARM Code       4  use_no_semi.o(.text)
    __ARM_common_call_via_r1                 0x000015a1   Thumb Code     2  __printf.o(i.__ARM_common_call_via_r1)
    __semihosting_library_function           0x000015a0   ARM Code       0  indicate_semi.o(.text)
    __ARM_common_call_via_r2                 0x000015a3   Thumb Code     2  __printf.o(i.__ARM_common_call_via_r2)
    Inline Thumb to ARM Veneer to _get_lc_ctype 0x000015a5   Thumb Code     4  lc_ctype_c.o(locale$$code)
    _get_lc_ctype                            0x000015a8   ARM Code      80  lc_ctype_c.o(locale$$code)
    Region$$Table$$Base                      0x000015f8   Number         0  anon$$obj.o(Region$$Table)
    Region$$Table$$Limit                     0x00001618   Number         0  anon$$obj.o(Region$$Table)
    __ctype                                  0x00001625   Data           0  lc_ctype_c.o(locale$$data)
    status_flag                              0x40000000   Data           1  gsm.o(.data)
    position                                 0x40000004   Data           4  gsm.o(.data)
    buffer_pointer                           0x40000008   Data           4  gsm.o(.data)
    buff                                     0x4000000c   Data         160  gsm.o(.bss)
    Mobile_no                                0x400000ac   Data          14  gsm.o(.bss)
    message_received                         0x400000ba   Data          60  gsm.o(.bss)
    __libspace_start                         0x400000f8   Data          96  libspace.o(.bss)
    __temporary_stack_top$libspace           0x40000158   Data           0  libspace.o(.bss)



==============================================================================

Memory Map of the image

  Image Entry point : 0x00000000

  Load Region LR_1 (Base: 0x00000000, Size: 0x00001734, Max: 0xffffffff, ABSOLUTE)

    Execution Region ER_RO (Base: 0x00000000, Size: 0x00001728, Max: 0xffffffff, ABSOLUTE)

    Base Addr    Size         Type   Attr      Idx    E Section Name        Object

    0x00000000   0x00000008   Code   RO          102  * !!!main             c_t.l(__main.o)
    0x00000008   0x0000003c   Code   RO          302    !!!scatter          c_t.l(__scatter.o)
    0x00000044   0x00000028   Code   RO          304    !!handler_copy      c_t.l(__scatter_copy.o)
    0x0000006c   0x0000002c   Code   RO          306    !!handler_zi        c_t.l(__scatter_zi.o)
    0x00000098   0x00000004   Ven    RO           85    .ARM.Collect$$_printf_percent$$00000000  c_t.l(_printf_percent.o)
    0x0000009c   0x00000000   Code   RO           85    .ARM.Collect$$_printf_percent$$00000000  c_t.l(_printf_percent.o)
    0x0000009c   0x00000008   Code   RO           84    .ARM.Collect$$_printf_percent$$00000009  c_t.l(_printf_d.o)
    0x000000a4   0x00000008   Code   RO           83    .ARM.Collect$$_printf_percent$$00000014  c_t.l(_printf_s.o)
    0x000000ac   0x00000008   Code   RO          118    .ARM.Collect$$_printf_percent$$00000017  c_t.l(_printf_percent_end.o)
    0x000000b4   0x00000008   Ven    RO          176    .ARM.Collect$$libinit$$00000000  c_t.l(libinit.o)
    0x000000bc   0x00000002   Code   RO          176    .ARM.Collect$$libinit$$00000000  c_t.l(libinit.o)
    0x000000be   0x00000000   Code   RO          182    .ARM.Collect$$libinit$$00000002  c_t.l(libinit2.o)
    0x000000be   0x00000000   Code   RO          185    .ARM.Collect$$libinit$$00000008  c_t.l(libinit2.o)
    0x000000be   0x00000000   Code   RO          187    .ARM.Collect$$libinit$$0000000A  c_t.l(libinit2.o)
    0x000000be   0x00000000   Code   RO          189    .ARM.Collect$$libinit$$0000000C  c_t.l(libinit2.o)
    0x000000be   0x00000006   Code   RO          190    .ARM.Collect$$libinit$$0000000D  c_t.l(libinit2.o)
    0x000000c4   0x00000000   Code   RO          192    .ARM.Collect$$libinit$$0000000F  c_t.l(libinit2.o)
    0x000000c4   0x0000000c   Code   RO          193    .ARM.Collect$$libinit$$00000010  c_t.l(libinit2.o)
    0x000000d0   0x00000000   Code   RO          194    .ARM.Collect$$libinit$$00000011  c_t.l(libinit2.o)
    0x000000d0   0x00000000   Code   RO          196    .ARM.Collect$$libinit$$00000013  c_t.l(libinit2.o)
    0x000000d0   0x00000000   Code   RO          198    .ARM.Collect$$libinit$$00000015  c_t.l(libinit2.o)
    0x000000d0   0x00000000   Code   RO          200    .ARM.Collect$$libinit$$00000017  c_t.l(libinit2.o)
    0x000000d0   0x00000000   Code   RO          202    .ARM.Collect$$libinit$$00000019  c_t.l(libinit2.o)
    0x000000d0   0x00000000   Code   RO          204    .ARM.Collect$$libinit$$0000001B  c_t.l(libinit2.o)
    0x000000d0   0x00000000   Code   RO          206    .ARM.Collect$$libinit$$0000001D  c_t.l(libinit2.o)
    0x000000d0   0x00000000   Code   RO          208    .ARM.Collect$$libinit$$0000001F  c_t.l(libinit2.o)
    0x000000d0   0x00000000   Code   RO          210    .ARM.Collect$$libinit$$00000021  c_t.l(libinit2.o)
    0x000000d0   0x00000000   Code   RO          212    .ARM.Collect$$libinit$$00000023  c_t.l(libinit2.o)
    0x000000d0   0x00000000   Code   RO          216    .ARM.Collect$$libinit$$0000002A  c_t.l(libinit2.o)
    0x000000d0   0x00000000   Code   RO          218    .ARM.Collect$$libinit$$0000002C  c_t.l(libinit2.o)
    0x000000d0   0x00000000   Code   RO          220    .ARM.Collect$$libinit$$0000002E  c_t.l(libinit2.o)
    0x000000d0   0x00000000   Code   RO          222    .ARM.Collect$$libinit$$00000030  c_t.l(libinit2.o)
    0x000000d0   0x0000000c   Code   RO          223    .ARM.Collect$$libinit$$00000031  c_t.l(libinit2.o)
    0x000000dc   0x00000008   Ven    RO          243    .ARM.Collect$$libshutdown$$00000000  c_t.l(libshutdown.o)
    0x000000e4   0x00000004   Code   RO          243    .ARM.Collect$$libshutdown$$00000000  c_t.l(libshutdown.o)
    0x000000e8   0x00000000   Code   RO          257    .ARM.Collect$$libshutdown$$00000003  c_t.l(libshutdown2.o)
    0x000000e8   0x00000000   Code   RO          260    .ARM.Collect$$libshutdown$$00000006  c_t.l(libshutdown2.o)
    0x000000e8   0x00000000   Code   RO          263    .ARM.Collect$$libshutdown$$00000009  c_t.l(libshutdown2.o)
    0x000000e8   0x00000000   Code   RO          265    .ARM.Collect$$libshutdown$$0000000B  c_t.l(libshutdown2.o)
    0x000000e8   0x00000000   Code   RO          268    .ARM.Collect$$libshutdown$$0000000E  c_t.l(libshutdown2.o)
    0x000000e8   0x00000006   Code   RO          269    .ARM.Collect$$libshutdown$$0000000F  c_t.l(libshutdown2.o)
    0x000000ee   0x00000002   PAD
    0x000000f0   0x00000000   Code   RO          104    .ARM.Collect$$rtentry$$00000000  c_t.l(rtentry.o)
    0x000000f0   0x00000000   Code   RO          131    .ARM.Collect$$rtentry$$00000002  c_t.l(rtentry2.o)
    0x000000f0   0x00000008   Code   RO          143    .ARM.Collect$$rtentry$$00000004  c_t.l(rtentry4.o)
    0x000000f8   0x00000000   Code   RO          133    .ARM.Collect$$rtentry$$00000009  c_t.l(rtentry2.o)
    0x000000f8   0x00000004   Code   RO          134    .ARM.Collect$$rtentry$$0000000A  c_t.l(rtentry2.o)
    0x000000fc   0x00000000   Code   RO          136    .ARM.Collect$$rtentry$$0000000C  c_t.l(rtentry2.o)
    0x000000fc   0x00000028   Code   RO          137    .ARM.Collect$$rtentry$$0000000D  c_t.l(rtentry2.o)
    0x00000124   0x00000004   Ven    RO          177    .ARM.Collect$$rtexit$$00000000  c_t.l(rtexit.o)
    0x00000128   0x00000004   Code   RO          177    .ARM.Collect$$rtexit$$00000000  c_t.l(rtexit.o)
    0x0000012c   0x00000000   Code   RO          225    .ARM.Collect$$rtexit$$00000002  c_t.l(rtexit2.o)
    0x0000012c   0x00000004   Code   RO          226    .ARM.Collect$$rtexit$$00000003  c_t.l(rtexit2.o)
    0x00000130   0x00000008   Code   RO          227    .ARM.Collect$$rtexit$$00000004  c_t.l(rtexit2.o)
    0x00000138   0x00000020   Code   RO            4    .text               startup.o
    0x00000158   0x00000a50   Code   RO           11    .text               gsm.o
    0x00000ba8   0x00000008   Ven    RO           51    .text               c_t.l(noretval__2sprintf.o)
    0x00000bb0   0x00000028   Code   RO           51    .text               c_t.l(noretval__2sprintf.o)
    0x00000bd8   0x00000076   Code   RO           53    .text               c_t.l(__printf.o)
    0x00000c4e   0x00000058   Code   RO           59    .text               c_t.l(_printf_str.o)
    0x00000ca6   0x00000002   PAD
    0x00000ca8   0x00000008   Ven    RO           61    .text               c_t.l(_printf_dec.o)
    0x00000cb0   0x00000070   Code   RO           61    .text               c_t.l(_printf_dec.o)
    0x00000d20   0x00000008   Ven    RO           86    .text               c_t.l(atoi.o)
    0x00000d28   0x0000001e   Code   RO           86    .text               c_t.l(atoi.o)
    0x00000d46   0x00000002   PAD
    0x00000d48   0x00000008   Ven    RO           88    .text               c_t.l(strstr.o)
    0x00000d50   0x0000002a   Code   RO           88    .text               c_t.l(strstr.o)
    0x00000d7a   0x00000002   PAD
    0x00000d7c   0x00000008   Ven    RO           90    .text               c_t.l(strlen.o)
    0x00000d84   0x00000044   Code   RO           90    .text               c_t.l(strlen.o)
    0x00000dc8   0x00000008   Ven    RO           92    .text               c_t.l(strncmp.o)
    0x00000dd0   0x00000098   Code   RO           92    .text               c_t.l(strncmp.o)
    0x00000e68   0x000000d4   Code   RO           94    .text               c_t.l(rt_memmove.o)
    0x00000f3c   0x00000040   Code   RO           96    .text               c_t.l(rt_memclr.o)
    0x00000f7c   0x00000054   Code   RO           98    .text               c_t.l(rt_memclr_w.o)
    0x00000fd0   0x00000006   Code   RO          100    .text               c_t.l(heapauxi.o)
    0x00000fd6   0x00000002   PAD
    0x00000fd8   0x00000004   Ven    RO          108    .text               c_t.l(rt_errno_addr_intlibspace.o)
    0x00000fdc   0x0000000c   Code   RO          108    .text               c_t.l(rt_errno_addr_intlibspace.o)
    0x00000fe8   0x000000ba   Code   RO          110    .text               c_t.l(_printf_intcommon.o)
    0x000010a2   0x00000002   PAD
    0x000010a4   0x00000030   Code   RO          112    .text               c_t.l(_printf_char_common.o)
    0x000010d4   0x0000000a   Code   RO          114    .text               c_t.l(_sputc.o)
    0x000010de   0x00000002   PAD
    0x000010e0   0x00000008   Ven    RO          116    .text               c_t.l(_printf_char.o)
    0x000010e8   0x00000032   Code   RO          116    .text               c_t.l(_printf_char.o)
    0x0000111a   0x00000002   PAD
    0x0000111c   0x00000074   Code   RO          119    .text               c_t.l(strtol.o)
    0x00001190   0x000000d4   Code   RO          121    .text               c_t.l(rt_memcpy.o)
    0x00001264   0x00000080   Code   RO          123    .text               c_t.l(rt_memmove_w.o)
    0x000012e4   0x00000004   Ven    RO          125    .text               c_t.l(rtudiv10.o)
    0x000012e8   0x0000002c   Code   RO          125    .text               c_t.l(rtudiv10.o)
    0x00001314   0x0000000c   Code   RO          127    .text               c_t.l(libspace.o)
    0x00001320   0x00000004   Ven    RO          145    .text               c_t.l(rt_ctype_table.o)
    0x00001324   0x00000018   Code   RO          145    .text               c_t.l(rt_ctype_table.o)
    0x0000133c   0x000000ac   Code   RO          153    .text               c_t.l(_strtoul.o)
    0x000013e8   0x00000064   Code   RO          155    .text               c_t.l(rt_memcpy_w.o)
    0x0000144c   0x00000060   Code   RO          157    .text               c_t.l(sys_stackheap_outer.o)
    0x000014ac   0x00000004   Ven    RO          162    .text               c_t.l(rt_locale_intlibspace.o)
    0x000014b0   0x0000000c   Code   RO          162    .text               c_t.l(rt_locale_intlibspace.o)
    0x000014bc   0x0000001e   Code   RO          164    .text               c_t.l(_chval.o)
    0x000014da   0x0000000c   Code   RO          169    .text               c_t.l(exit.o)
    0x000014e6   0x00000002   PAD
    0x000014e8   0x000000a0   Code   RO          179    .text               c_t.l(strcmp.o)
    0x00001588   0x00000008   Ven    RO          235    .text               c_t.l(sys_exit.o)
    0x00001590   0x0000000c   Code   RO          235    .text               c_t.l(sys_exit.o)
    0x0000159c   0x00000004   Code   RO          246    .text               c_t.l(use_no_semi.o)
    0x000015a0   0x00000000   Code   RO          248    .text               c_t.l(indicate_semi.o)
    0x000015a0   0x00000002   Code   RO           57    i.__ARM_common_call_via_r1  c_t.l(__printf.o)
    0x000015a2   0x00000002   Code   RO           55    i.__ARM_common_call_via_r2  c_t.l(__printf.o)
    0x000015a4   0x00000004   Ven    RO          167    locale$$code        c_t.l(lc_ctype_c.o)
    0x000015a8   0x00000050   Code   RO          167    locale$$code        c_t.l(lc_ctype_c.o)
    0x000015f8   0x00000020   Data   RO          300    Region$$Table       anon$$obj.o
    0x00001618   0x00000110   Data   RO          166    locale$$data        c_t.l(lc_ctype_c.o)


    Execution Region ER_RW (Base: 0x40000000, Size: 0x0000000c, Max: 0xffffffff, ABSOLUTE)

    Base Addr    Size         Type   Attr      Idx    E Section Name        Object

    0x40000000   0x0000000c   Data   RW           13    .data               gsm.o


    Execution Region ER_ZI (Base: 0x4000000c, Size: 0x000005d4, Max: 0xffffffff, ABSOLUTE)

    Base Addr    Size         Type   Attr      Idx    E Section Name        Object

    0x4000000c   0x000000ea   Zero   RW           12    .bss                gsm.o
    0x400000f6   0x00000002   PAD
    0x400000f8   0x00000060   Zero   RW          128    .bss                c_t.l(libspace.o)
    0x40000158   0x00000000   Zero   RW            2    HEAP                startup.o
    0x40000158   0x00000488   Zero   RW            1    STACK               startup.o


==============================================================================

Image component sizes


      Code (inc. data)   RO Data    RW Data    ZI Data      Debug   Object Name

      2640        224          0         12        234       9281   gsm.o
        32         12          0          0       1160        216   startup.o

    ----------------------------------------------------------------------
      2672        236         32         12       1396       9497   Object Totals
         0          0         32          0          0          0   (incl. Generated)
         0          0          0          0          2          0   (incl. Padding)

    ----------------------------------------------------------------------

      Code (inc. data)   RO Data    RW Data    ZI Data      Debug   Library Member Name

         8          0          0          0          0         68   __main.o
       122          0          0          0          0        208   __printf.o
        60          8          0          0          0          0   __scatter.o
        40          0          0          0          0          0   __scatter_copy.o
        44          0          0          0          0          0   __scatter_zi.o
        30          0          0          0          0         60   _chval.o
        58          0          0          0          0        112   _printf_char.o
        48          4          0          0          0         96   _printf_char_common.o
         8          0          0          0          0          0   _printf_d.o
       120         18          0          0          0         88   _printf_dec.o
       186          0          0          0          0         96   _printf_intcommon.o
         4          0          0          0          0          0   _printf_percent.o
         8          0          0          0          0          0   _printf_percent_end.o
         8          0          0          0          0          0   _printf_s.o
        88          0          0          0          0         84   _printf_str.o
        10          0          0          0          0         60   _sputc.o
       172          0          0          0          0         96   _strtoul.o
        38          0          0          0          0         84   atoi.o
        12          0          0          0          0         64   exit.o
         6          0          0          0          0        136   heapauxi.o
         0          0          0          0          0          0   indicate_semi.o
        84          8        272          0          0         92   lc_ctype_c.o
        10          0          0          0          0          0   libinit.o
        30          0          0          0          0          0   libinit2.o
        12          0          0          0          0          0   libshutdown.o
         6          0          0          0          0          0   libshutdown2.o
        12          4          0          0         96         68   libspace.o
        48          4          0          0          0         84   noretval__2sprintf.o
        28          4          0          0          0         84   rt_ctype_table.o
        16          4          0          0          0         68   rt_errno_addr_intlibspace.o
        16          4          0          0          0         68   rt_locale_intlibspace.o
        64          0          0          0          0         68   rt_memclr.o
        84          0          0          0          0         80   rt_memclr_w.o
       212          0          0          0          0         68   rt_memcpy.o
       100          0          0          0          0         80   rt_memcpy_w.o
       212          0          0          0          0         68   rt_memmove.o
       128          0          0          0          0         80   rt_memmove_w.o
         0          0          0          0          0          0   rtentry.o
        44          4          0          0          0          0   rtentry2.o
         8          0          0          0          0          0   rtentry4.o
         8          0          0          0          0          0   rtexit.o
        12          0          0          0          0          0   rtexit2.o
        48          0          0          0          0         68   rtudiv10.o
       160          4          0          0          0         80   strcmp.o
        76          4          0          0          0         76   strlen.o
       160          6          0          0          0         84   strncmp.o
        50          0          0          0          0         72   strstr.o
       116          4          0          0          0         92   strtol.o
        20          4          0          0          0         60   sys_exit.o
        96          0          0          0          0         80   sys_stackheap_outer.o
         4          0          0          0          0         68   use_no_semi.o

    ----------------------------------------------------------------------
      2952         84        272          0         96       2840   Library Totals
        18          0          0          0          0          0   (incl. Padding)

    ----------------------------------------------------------------------

      Code (inc. data)   RO Data    RW Data    ZI Data      Debug   Library Name

      2934         84        272          0         96       2840   c_t.l

    ----------------------------------------------------------------------
      2952         84        272          0         96       2840   Library Totals

    ----------------------------------------------------------------------

==============================================================================


      Code (inc. data)   RO Data    RW Data    ZI Data      Debug   

      5624        320        304         12       1492      10721   Grand Totals
      5624        320        304         12       1492      10721   ELF Image Totals
      5624        320        304         12          0          0   ROM Totals

==============================================================================

    Total RO  Size (Code + RO Data)                 5928 (   5.79kB)
    Total RW  Size (RW Data + ZI Data)              1504 (   1.47kB)
    Total ROM Size (Code + RO Data + RW Data)       5940 (   5.80kB)

==============================================================================

