<html>
<body>
<pre>
<h1>µVision Build Log</h1>
<h2>Project:</h2>
C:\Users\Amal Vijay\Desktop\Embedded programing\Sound Sensor\Sound.uvproj
Project File Date:  04/05/2024

<h2>Output:</h2>
Build target 'Target 1'
linking...
Program Size: Code=1112 RO-data=32 RW-data=4 ZI-data=1260  
FromELF: creating hex file...
".\Sound.axf" - 0 Error(s), 0 Warning(s).
 lcd_int();
Sound Sensor.c(14): warning:  #951-D: return type of function "main" must be "int"
  void main()
Sound Sensor.c(66): warning:  #1-D: last line of file ends without a newline
  }
Sound Sensor.c: 3 warnings, 0 errors
linking...
Program Size: Code=1112 RO-data=32 RW-data=4 ZI-data=1260  
".\Sound.axf" - 0 Error(s), 3 Warning(s).
