<html>
<body>
<pre>
<h1>µVision Build Log</h1>
<h2>Project:</h2>
C:\Users\Amal Vijay\Desktop\Embedded programing\Gas Sensor\Gas Sensor.uvproj
Project File Date:  04/05/2024

<h2>Output:</h2>
Build target 'Target 1'
compiling Gas Sensor.c...
Gas Sensor.c(14): warning:  #951-D: return type of function "main" must be "int"
  void main()
Gas Sensor.c(66): warning:  #1-D: last line of file ends without a newline
  }
Gas Sensor.c: 2 warnings, 0 errors
linking...
Program Size: Code=1108 RO-data=32 RW-data=4 ZI-data=1260  
".\Gas Sensor.axf" - 0 Error(s), 2 Warning(s).
</pre>
</body>
</html>
