<html>
<body>
<pre>
<h1>µVision Build Log</h1>
<h2>Project:</h2>
C:\Users\Amal Vijay\Desktop\Embedded programing\UART\UART.uvproj
Project File Date:  04/05/2024

<h2>Output:</h2>
Build target 'Target 1'
linking...
Program Size: Code=1148 RO-data=32 RW-data=4 ZI-data=1308  
FromELF: creating hex file...
".\UART.axf" - 0 Error(s), 0 Warning(s).
 ends without a newline
  }
UART.c(19): warning:  #111-D: statement is unreachable
      return 0;
UART.c(20): warning:  #1-D: last line of file ends without a newline
  }
UART.c: 4 warnings, 0 errors
linking...
Program Size: Code=1148 RO-data=32 RW-data=4 ZI-data=1308  
".\UART.axf" - 0 Error(s), 4 Warning(s).
RT.c: 4 warnings, 2 errors
".\UART.axf" - 2 Error(s), 4 Warning(s).
Target not created
reated
